Units and locations in library 'D:\work\src\ev05\src-in-server\ev05-bcu_d\lib\Balm-B.lib'
Unit name       size     from       to
BalM-B.c.o     30445      117    30562

EXPORTED OBJECTS
BalM_B_GetVesionModuleVer            F   (BalM-B.c.o)
BalM_BalCnt                          O   (BalM-B.c.o)
BalM_ConfigPara                      I   (BalM-B.c.o)
BalM_Ctrl                            O   (BalM-B.c.o)
BalM_ModuleCbk                       F   (BalM-B.c.o)
BalM_ModuleCountCbk                  F   (BalM-B.c.o)
BalM_ModuleInit                      F   (BalM-B.c.o)
BalM_RxSla                           O   (BalM-B.c.o)
BalM_TmCnt                           O   (BalM-B.c.o)
BalM_UpdateDataFromCan               F   (BalM-B.c.o)
BalM_VerDef                          O   (BalM-B.c.o)
Bat_GetAvgV                          I   (BalM-B.c.o)
Bat_GetBatNum                        I   (BalM-B.c.o)
Bat_GetCellBalanceSt                 I   (BalM-B.c.o)
Bat_GetCellChgBalanceTimeTotal       I   (BalM-B.c.o)
Bat_GetCellDchBalanceTimeTotal       I   (BalM-B.c.o)
Bat_GetCurrent                       I   (BalM-B.c.o)
Bat_GetMaxV                          I   (BalM-B.c.o)
Bat_GetMinV                          I   (BalM-B.c.o)
Bat_GetPackBalSt                     I   (BalM-B.c.o)
Bat_GetRatedCapacityCalc             I   (BalM-B.c.o)
Bat_UpdateCellChgBalanceTimeTotal    I   (BalM-B.c.o)
Bat_UpdateCellDchBalanceTimeTotal    I   (BalM-B.c.o)
Bat_UpdateMainBalanceSt              I   (BalM-B.c.o)
BmsSys_GetAwakeSt                    I   (BalM-B.c.o)
Chg_GetChgSt                         I   (BalM-B.c.o)
Chg_GetChgStage                      I   (BalM-B.c.o)
EE_LoadVar                           I   (BalM-B.c.o)
EE_SaveVar                           I   (BalM-B.c.o)
Err_GetHwErrLevel                    I   (BalM-B.c.o)
IntCan_SendBalCmd                    I   (BalM-B.c.o)
SysConf_GetParaValueFromRam          I   (BalM-B.c.o)
WdgIf_Trig                           I   (BalM-B.c.o)
_COPY                                I   (BalM-B.c.o)
_LCMP                                I   (BalM-B.c.o)
_LCOM                                I   (BalM-B.c.o)
_LDIVU                               I   (BalM-B.c.o)
_LMULU16x32                          I   (BalM-B.c.o)
_LSHL                                I   (BalM-B.c.o)
_LSHRU                               I   (BalM-B.c.o)
