Units and locations in library 'D:\work\src\ev05\src-in-server\ev05-bcu_d\lib\Balm-D.lib'
Unit name       size     from       to
BalM-D.c.o     29729      117    29846

EXPORTED OBJECTS
BalM_BalCnt                          O   (BalM-D.c.o)
BalM_ConfigPara                      I   (BalM-D.c.o)
BalM_Ctrl                            O   (BalM-D.c.o)
BalM_D_GetVesionModuleVer            F   (BalM-D.c.o)
BalM_ModuleCbk                       F   (BalM-D.c.o)
BalM_ModuleCountCbk                  F   (BalM-D.c.o)
BalM_ModuleInit                      F   (BalM-D.c.o)
BalM_RxSla                           O   (BalM-D.c.o)
BalM_TmCnt                           O   (BalM-D.c.o)
BalM_UpdateDataFromCan               F   (BalM-D.c.o)
BalM_VerDef                          O   (BalM-D.c.o)
BatSys_GetPosRlySt                   I   (BalM-D.c.o)
BatSys_GetPreRlySt                   I   (BalM-D.c.o)
Bat_GetAvgV                          I   (BalM-D.c.o)
Bat_GetBatNum                        I   (BalM-D.c.o)
Bat_GetCellBalanceSt                 I   (BalM-D.c.o)
Bat_GetCellChgBalanceTimeTotal       I   (BalM-D.c.o)
Bat_GetCellDchBalanceTimeTotal       I   (BalM-D.c.o)
Bat_GetCurrent                       I   (BalM-D.c.o)
Bat_GetMaxV                          I   (BalM-D.c.o)
Bat_GetMinV                          I   (BalM-D.c.o)
Bat_GetPackBalSt                     I   (BalM-D.c.o)
Bat_GetRatedCapacityCalc             I   (BalM-D.c.o)
Bat_UpdateCellChgBalanceTimeTotal    I   (BalM-D.c.o)
Bat_UpdateCellDchBalanceTimeTotal    I   (BalM-D.c.o)
Bat_UpdateMainBalanceSt              I   (BalM-D.c.o)
BmsSys_CalcStandbyTime               I   (BalM-D.c.o)
BmsSys_GetAwakeSt                    I   (BalM-D.c.o)
Chg_GetChgSt                         I   (BalM-D.c.o)
EE_LoadVar                           I   (BalM-D.c.o)
EE_SaveVar                           I   (BalM-D.c.o)
Err_GetHwErrLevel                    I   (BalM-D.c.o)
IntCan_SendBalCmd                    I   (BalM-D.c.o)
SysConf_GetParaValueFromRam          I   (BalM-D.c.o)
WdgIf_Trig                           I   (BalM-D.c.o)
_COPY                                I   (BalM-D.c.o)
_LCOM                                I   (BalM-D.c.o)
_LDIVU                               I   (BalM-D.c.o)
_LSHL                                I   (BalM-D.c.o)
_LSHRU                               I   (BalM-D.c.o)
