Units and locations in library 'D:\work\src\ev05\src-in-server\ev05-bcu_d\lib\CDD.lib'
Unit name             size     from       to
CDD.c.o               5099   126888   131987
ClockIf.c.o          14923    12337    27260
Clock_Lcfg.c.o       12223      114    12337
CurrentIf.c.o        25676    35481    61157
Current_Lcfg.c.o      8221    27260    35481
IsoIf.c.o            19967    68590    88557
Iso_Lcfg.c.o          7433    61157    68590
SumvIf.c.o           21707   105181   126888
Sumv_Lcfg.c.o        16624    88557   105181

EXPORTED OBJECTS
AiIf_MeasureChannel          I   (Iso_Lcfg.c.o)
CPUCCS_PutVal                I   (Current_Lcfg.c.o)
CPUCSCK_PutVal               I   (Current_Lcfg.c.o)
CPUCSI_PutVal                I   (Current_Lcfg.c.o)
CPU_SUMV_EXT_SCL_PutVal      I   (Sumv_Lcfg.c.o)
CPU_SUMV_EXT_SDA_PutVal      I   (Sumv_Lcfg.c.o)
CPU_SUMV_EXT_SDA_SetDir      I   (Sumv_Lcfg.c.o)
CPU_SUMV_SCL_PutVal          I   (Sumv_Lcfg.c.o)
CPU_SUMV_SDA_PutVal          I   (Sumv_Lcfg.c.o)
CPU_SUMV_SDA_SetDir          I   (Sumv_Lcfg.c.o)
CURPOWER_PutVal              I   (Current_Lcfg.c.o)
Cdd_GetVesionModuleVer       F   (CDD.c.o)
Cdd_VerDef                   O   (CDD.c.o)
ClockIf_Init                 F   (ClockIf.c.o)
ClockIf_ReadTime             F   (ClockIf.c.o)
ClockIf_WriteTime            F   (ClockIf.c.o)
Clock_Operation              I   (ClockIf.c.o)
Clock_Operation              O   (Clock_Lcfg.c.o)
Cpu_Delay100US               I   (CurrentIf.c.o)
Cpu_Delay100US               I   (SumvIf.c.o)
CurrentIf_CheckStatusReg     F   (CurrentIf.c.o)
CurrentIf_Check_ConfigReg    F   (CurrentIf.c.o)
CurrentIf_ClbCur             F   (CurrentIf.c.o)
CurrentIf_Init               F   (CurrentIf.c.o)
CurrentIf_RdCur              F   (CurrentIf.c.o)
Current_Operation            I   (CurrentIf.c.o)
Current_Operation            O   (Current_Lcfg.c.o)
ExternTimer_Sda_SetOutput    I   (Clock_Lcfg.c.o)
ISO_CTRL_NEG_PutVal          I   (Iso_Lcfg.c.o)
ISO_CTRL_POS_PutVal          I   (Iso_Lcfg.c.o)
ISO_POW_PutVal               I   (Iso_Lcfg.c.o)
IsoIf_ChangeMosMode          F   (IsoIf.c.o)
IsoIf_CloseMos               F   (IsoIf.c.o)
IsoIf_Init                   F   (IsoIf.c.o)
IsoIf_OpenMos                F   (IsoIf.c.o)
IsoIf_PowerOff               F   (IsoIf.c.o)
IsoIf_PowerOn                F   (IsoIf.c.o)
IsoIf_RdAdValue              F   (IsoIf.c.o)
Iso_Handle                   I   (IsoIf.c.o)
Iso_Handle                   O   (Iso_Lcfg.c.o)
Iso_Operation                O   (Iso_Lcfg.c.o)
Iso_Property                 O   (Iso_Lcfg.c.o)
SUMV_EXT_POW_PutVal          I   (Sumv_Lcfg.c.o)
SUMV_POW_PutVal              I   (Sumv_Lcfg.c.o)
Shadow_D                     I   (Clock_Lcfg.c.o)
SumvIf_CheckPower            F   (SumvIf.c.o)
SumvIf_Init                  F   (SumvIf.c.o)
SumvIf_RdAd                  F   (SumvIf.c.o)
SumvIf_StartConvert          F   (SumvIf.c.o)
Sumv_Operation               I   (SumvIf.c.o)
Sumv_Operation               O   (Sumv_Lcfg.c.o)
WdgIf_Trig                   I   (CurrentIf.c.o)
_BDIVMODU                    I   (ClockIf.c.o)
_CASE_CHECKED                I   (IsoIf.c.o)
_COPY                        I   (CDD.c.o)
_DDRCD                       I   (Clock_Lcfg.c.o)
_LCMP                        I   (SumvIf.c.o)
_LDEC                        I   (CurrentIf.c.o)
_LDIVU                       I   (IsoIf.c.o)
_LDIVU                       I   (SumvIf.c.o)
_LINC                        I   (SumvIf.c.o)
_LMULU16x32                  I   (SumvIf.c.o)
_LSHRU                       I   (SumvIf.c.o)
_PORTCD                      I   (Clock_Lcfg.c.o)
_PORTCD                      I   (Sumv_Lcfg.c.o)
_PORTK                       I   (Sumv_Lcfg.c.o)
_PTJ                         I   (Sumv_Lcfg.c.o)
_PTS                         I   (Current_Lcfg.c.o)
cnst_cmd_cur                 O   (CurrentIf.c.o)
gby_RtcTime                  O   (ClockIf.c.o)
gby_flag_iso_mode            O   (IsoIf.c.o)
gby_flag_mos_neg             O   (IsoIf.c.o)
gby_flag_mos_pos             O   (IsoIf.c.o)
gby_flg_iso_cnt              O   (IsoIf.c.o)
gby_mode_convert_cnt         O   (IsoIf.c.o)
glwd_iso_rslt_neg            O   (IsoIf.c.o)
glwd_iso_rslt_pos            O   (IsoIf.c.o)
glwd_sumv_acc                O   (IsoIf.c.o)
gwd_Sumv_PowerVolt           O   (SumvIf.c.o)
gwd_Sumv_RefVolt_AD          O   (SumvIf.c.o)
gwd_rslt                     O   (IsoIf.c.o)
gwd_sumv_NEG_ON              O   (IsoIf.c.o)
gwd_sumv_POS_ON              O   (IsoIf.c.o)
gwd_u_mode_NEG_ON            O   (IsoIf.c.o)
gwd_u_mode_POS_ON            O   (IsoIf.c.o)
