Units and locations in library 'D:\work\src\ev05\src-in-server\ev05-bcu_d\lib\CurrentDet.lib'
Unit name       size     from       to
CurDet.c.o     28386      121    28507

EXPORTED OBJECTS
Bat_UpdateAccumulateChgAh     I   (CurDet.c.o)
Bat_UpdateAccumulateDchgAh    I   (CurDet.c.o)
Bat_UpdateCurrent             I   (CurDet.c.o)
CurDetConf                    O   (CurDet.c.o)
CurDet_ClbCurCurChnGain       F   (CurDet.c.o)
CurDet_ClbCurCurChnOffset     F   (CurDet.c.o)
CurDet_ClbCurVolChnGain       F   (CurDet.c.o)
CurDet_ClbCurVolChnOffset     F   (CurDet.c.o)
CurDet_Count                  F   (CurDet.c.o)
CurDet_Eng                    O   (CurDet.c.o)
CurDet_GetVesionModuleVer     F   (CurDet.c.o)
CurDet_Init                   F   (CurDet.c.o)
CurDet_Main                   F   (CurDet.c.o)
CurDet_TmCnt                  O   (CurDet.c.o)
CurDet_UpdateAhCalcThrhd      F   (CurDet.c.o)
CurDet_UpdateGainAndOffset    F   (CurDet.c.o)
CurDet_VerDef                 O   (CurDet.c.o)
CurrentIf_ClbCur              I   (CurDet.c.o)
CurrentIf_Init                I   (CurDet.c.o)
CurrentIf_RdCur               I   (CurDet.c.o)
EE_Dealy5msForSaveVar         I   (CurDet.c.o)
EE_LoadVar                    I   (CurDet.c.o)
EE_SaveVar                    I   (CurDet.c.o)
Err_GetHwErrDetail            I   (CurDet.c.o)
Err_UpdateHwErrDetail         I   (CurDet.c.o)
Err_UpdateHwErrLevel          I   (CurDet.c.o)
SysConf_InitParaTable         I   (CurDet.c.o)
_CONV_NEAR_TO_GLOBAL          I   (CurDet.c.o)
_COPY                         I   (CurDet.c.o)
_LDIVU                        I   (CurDet.c.o)
_LMODU                        I   (CurDet.c.o)
_LMULU16x32                   I   (CurDet.c.o)
clb_flg                       O   (CurDet.c.o)
cur_ad                        O   (CurDet.c.o)
cur_real_value                O   (CurDet.c.o)
gain_offsef                   O   (CurDet.c.o)
gby_FlagCLbrSlect             O   (CurDet.c.o)
gby_curdeterrcnt              O   (CurDet.c.o)
glwd_ClbrValue                O   (CurDet.c.o)
gwd_CurDetRslt                O   (CurDet.c.o)
gwd_cur                       O   (CurDet.c.o)
gwd_cur_ad                    O   (CurDet.c.o)
gwd_cur_avg                   O   (CurDet.c.o)
gwd_cur_avg_ad                O   (CurDet.c.o)
