Units and locations in library 'D:\work\src\ev05\src-in-server\ev05-bcu_d\lib\EeAndFlash.lib'
Unit name          size     from       to
DataStore.c.o     56359    99349   155708
EE.c.o            92901      121    93022
EE_CRC16.c.o       6327    93022    99349

EXPORTED OBJECTS
AiIf_MeasureChannel               I   (DataStore.c.o)
BatSys_GetAuxASt                  I   (DataStore.c.o)
BatSys_GetAuxBSt                  I   (DataStore.c.o)
BatSys_GetChgRlySt                I   (DataStore.c.o)
BatSys_GetIsoNegResistor          I   (DataStore.c.o)
BatSys_GetIsoPosResistor          I   (DataStore.c.o)
BatSys_GetNegRlySt                I   (DataStore.c.o)
BatSys_GetPosRlySt                I   (DataStore.c.o)
BatSys_GetPreRlySt                I   (DataStore.c.o)
Bat_GetAllPackNo                  I   (DataStore.c.o)
Bat_GetBatNum                     I   (DataStore.c.o)
Bat_GetBmuNum                     I   (DataStore.c.o)
Bat_GetCellV                      I   (DataStore.c.o)
Bat_GetCurrent                    I   (DataStore.c.o)
Bat_GetManufacturer               I   (DataStore.c.o)
Bat_GetMaterialType               I   (DataStore.c.o)
Bat_GetMaxR                       I   (DataStore.c.o)
Bat_GetMaxRTotalNo                I   (DataStore.c.o)
Bat_GetMaxT                       I   (DataStore.c.o)
Bat_GetMaxTTotalNo                I   (DataStore.c.o)
Bat_GetMaxV                       I   (DataStore.c.o)
Bat_GetMaxVTotalNo                I   (DataStore.c.o)
Bat_GetMinR                       I   (DataStore.c.o)
Bat_GetMinRTotalNo                I   (DataStore.c.o)
Bat_GetMinT                       I   (DataStore.c.o)
Bat_GetMinTTotalNo                I   (DataStore.c.o)
Bat_GetMinV                       I   (DataStore.c.o)
Bat_GetMinVTotalNo                I   (DataStore.c.o)
Bat_GetPackSerialNum              I   (DataStore.c.o)
Bat_GetPackTemperNum              I   (DataStore.c.o)
Bat_GetSOC                        I   (DataStore.c.o)
Bat_GetSoh                        I   (DataStore.c.o)
Bat_GetSumV                       I   (DataStore.c.o)
Bat_GetTemper                     I   (DataStore.c.o)
Bat_GetTemperNum                  I   (DataStore.c.o)
Bat_GetTotalChgAh                 I   (DataStore.c.o)
Bat_GetTotalDchAh                 I   (DataStore.c.o)
BmsSys_GetSystemTime              I   (DataStore.c.o)
BmsSys_UpdateErrRecCurrentPage    I   (DataStore.c.o)
BmsSys_UpdateErrRecEndPage        I   (DataStore.c.o)
BmsSys_UpdateErrRecFullSt         I   (DataStore.c.o)
BmsSys_UpdateErrRecStartPage      I   (DataStore.c.o)
BmsSys_UpdateHisRecCurrentPage    I   (DataStore.c.o)
BmsSys_UpdateHisRecEndPage        I   (DataStore.c.o)
BmsSys_UpdateHisRecFullSt         I   (DataStore.c.o)
BmsSys_UpdateHisRecStartPage      I   (DataStore.c.o)
BmsSys_UpdateRecPageMode          I   (DataStore.c.o)
CCR_reg                           I   (DataStore.c.o)
CanIf_RequestSend                 I   (DataStore.c.o)
Cpu_Delay100US                    I   (DataStore.c.o)
Cpu_Delay100US                    I   (EE.c.o)
Cpu_GetResetSource                I   (DataStore.c.o)
DataStore_CtrlInfo                O   (DataStore.c.o)
DataStore_DetAwake                F   (DataStore.c.o)
DataStore_EnableErrorDataStore    F   (DataStore.c.o)
DataStore_EnableEventDataStore    F   (DataStore.c.o)
DataStore_EraseFlash              F   (DataStore.c.o)
DataStore_ErasePage               F   (DataStore.c.o)
DataStore_GetVesionModuleVer      F   (DataStore.c.o)
DataStore_Init                    F   (DataStore.c.o)
DataStore_MainCbk                 F   (DataStore.c.o)
DataStore_MainCountCbk            F   (DataStore.c.o)
DataStore_PageInfo                O   (DataStore.c.o)
DataStore_ProcSaveData            F   (DataStore.c.o)
DataStore_ReadAndTxData           F   (DataStore.c.o)
DataStore_ReadPage                F   (DataStore.c.o)
DataStore_TmCnt                   O   (DataStore.c.o)
DataStore_UpdateRsvData           F   (DataStore.c.o)
DataStore_VerDef                  O   (DataStore.c.o)
EE_CalcCRC16AllByte               I   (EE.c.o)
EE_CalcCRC16AllByte               F   (EE_CRC16.c.o)
EE_CalcCRC16SingleByte            I   (EE.c.o)
EE_CalcCRC16SingleByte            F   (EE_CRC16.c.o)
EE_Dealy5msForSaveVar             F   (EE.c.o)
EE_GetEeStatus                    F   (EE.c.o)
EE_GetVesionModuleVer             F   (EE.c.o)
EE_Init                           F   (EE.c.o)
EE_LoadVar                        I   (DataStore.c.o)
EE_LoadVar                        F   (EE.c.o)
EE_MainCbk                        F   (EE.c.o)
EE_MainCountCbk                   F   (EE.c.o)
EE_SaveVar                        I   (DataStore.c.o)
EE_SaveVar                        F   (EE.c.o)
EE_SaveVarForCalib                F   (EE.c.o)
EE_TmCnt                          O   (EE.c.o)
EE_UpdateEeStatus                 F   (EE.c.o)
EE_VerDef                         O   (EE.c.o)
Err_GetBatAllErrLevel             I   (DataStore.c.o)
Err_GetBatSysAllErrLevel          I   (DataStore.c.o)
Err_GetHwAllErrLevel              I   (DataStore.c.o)
Err_GetHwErrDetail                I   (DataStore.c.o)
Err_UpdateHwErrDetail             I   (DataStore.c.o)
Err_UpdateHwErrDetail             I   (EE.c.o)
Err_UpdateHwErrLevel              I   (DataStore.c.o)
Err_UpdateHwErrLevel              I   (EE.c.o)
NvmIf_FlashOperation              I   (DataStore.c.o)
NvmIf_Operation                   I   (EE.c.o)
SysConf_GetParaAddrInEE           I   (EE.c.o)
SysConf_GetParaHandle             I   (EE.c.o)
SysConf_InitParaTable             I   (DataStore.c.o)
SysConf_InitParaTable             I   (EE.c.o)
Version_GetProjectVer             I   (DataStore.c.o)
WdgIf_Trig                        I   (DataStore.c.o)
WdgIf_Trig                        I   (EE.c.o)
Xgate_CpuGetExtFlah               I   (DataStore.c.o)
Xgate_CpuSetExtFlash              I   (DataStore.c.o)
Xgate_CpuSetStart                 I   (DataStore.c.o)
_CASE_CHECKED                     I   (EE.c.o)
_COPY                             I   (DataStore.c.o)
_COPY                             I   (EE.c.o)
_FAR_COPY_GLOBAL_NEAR_RC          I   (DataStore.c.o)
_ISHRU                            I   (EE.c.o)
_LCMP                             I   (DataStore.c.o)
_LDIVU                            I   (DataStore.c.o)
_LINC                             I   (DataStore.c.o)
_LINC                             I   (EE.c.o)
_LMODU                            I   (EE.c.o)
_LMULU16x32                       I   (DataStore.c.o)
_LSHRU                            I   (DataStore.c.o)
gby_BlockSaveAh                   O   (EE.c.o)
gby_ExternEE_Status               O   (EE.c.o)
gby_ReadData                      O   (EE.c.o)
gby_Record                        O   (DataStore.c.o)
gby_RsvData                       O   (DataStore.c.o)
glwd_CntSaveAh                    O   (EE.c.o)
gwd_AddrBuf                       O   (EE.c.o)
gwd_AddrBufCnt                    O   (EE.c.o)
gwd_CrcTable                      O   (EE_CRC16.c.o)
gwd_MaxDataAddr                   O   (EE.c.o)
gwd_MaxErrPage                    O   (DataStore.c.o)
gwd_MaxHisPage                    O   (DataStore.c.o)
gwd_MaxRecordNumPerPage           O   (DataStore.c.o)
gwd_MinErrPage                    O   (DataStore.c.o)
gwd_MinHisPage                    O   (DataStore.c.o)
gwd_RecognizeData                 O   (EE.c.o)
gwd_RecordNum                     O   (DataStore.c.o)
