Units and locations in library 'D:\work\src\ev05\src-in-server\ev05-bcu_d\lib\Lvm.lib'
Unit name       size     from       to
LvM.c.o        15131      114    15245

EXPORTED OBJECTS
BatSys_GetRunMode                 I   (LvM.c.o)
BmsSys_GetAlarmVolt               I   (LvM.c.o)
BmsSys_GetK15Volt                 I   (LvM.c.o)
BmsSys_GetOffBDChgVolt            I   (LvM.c.o)
BmsSys_GetOnBDChgVolt             I   (LvM.c.o)
BmsSys_UpdateAlarmSt              I   (LvM.c.o)
BmsSys_UpdateAwakeSt              I   (LvM.c.o)
BmsSys_UpdateK15St                I   (LvM.c.o)
BmsSys_UpdateOffBDChgSt           I   (LvM.c.o)
BmsSys_UpdateOnBDChgSt            I   (LvM.c.o)
BmsSys_UpdatePowerOffTime         I   (LvM.c.o)
DataStore_EnableEventDataStore    I   (LvM.c.o)
DoIf_Ctrl                         I   (LvM.c.o)
EE_SaveVar                        I   (LvM.c.o)
LvM_ActSgnlChk                    O   (LvM.c.o)
LvM_CountCbk                      F   (LvM.c.o)
LvM_GetBcuShutDownEn              F   (LvM.c.o)
LvM_GetVesionModuleVer            F   (LvM.c.o)
LvM_Init                          F   (LvM.c.o)
LvM_ProcMain                      F   (LvM.c.o)
LvM_RunModeM                      O   (LvM.c.o)
LvM_TmCnt                         O   (LvM.c.o)
LvM_UpdateSystemShutDownEn        F   (LvM.c.o)
LvM_UpdateVcuShutDownEn           F   (LvM.c.o)
LvM_VerDef                        O   (LvM.c.o)
RunModem_SwitchModeTo             I   (LvM.c.o)
_COPY                             I   (LvM.c.o)
gby_BcuShutDownEn                 O   (LvM.c.o)
gby_KeyResetFlag                  O   (LvM.c.o)
gby_SystemShutDownEn              O   (LvM.c.o)
gby_VcuShutDownEn                 O   (LvM.c.o)
