Units and locations in library 'D:\work\src\ev05\src-in-server\ev05-bcu_d\lib\Mcal.lib'
Unit name                 size     from       to
AC_CP_IOC.c.o            15070     5856    20926
AC_CP_IOCEvents.c.o      11843    20926    32769
AI1.c.o                  14527    32769    47296
AI2.c.o                  14179    47296    61475
ATB.c.o                   5741      115     5856
BcudMcal_Version.c.o      5239  1068691  1073930
CAN0.c.o                 39597    61475   101072
CAN0Events.c.o           13007   101072   114079
CAN1.c.o                 39665   114079   153744
CAN1Events.c.o           13007   153744   166751
CAN4.c.o                 40133   166751   206884
CAN4Events.c.o           13019   206884   219903
CHG_CAN_POW.c.o           5663   219903   225566
CON1.c.o                  5379   225566   230945
CPUCAN_CAR_EN.c.o         4675   389979   394654
CPUCAN_INT_EN.c.o         4675   394654   399329
CPUCCS.c.o                4595   399329   403924
CPUCINT.c.o               3421   403924   407345
CPUCSCK.c.o               4611   407345   411956
CPUCSI.c.o                4595   411956   416551
CPUCSO.c.o                3414   416551   419965
CPUDI1.c.o                3414   419965   423379
CPUDI2.c.o                3414   423379   426793
CPUDI3.c.o                3414   426793   430207
CPUDI4.c.o                3414   430207   433621
CPUDO1.c.o                4595   433621   438216
CPUDO2.c.o                4595   438216   442811
CPUEE.c.o                13431   442811   456242
CPU_CAR_CAN_ERR.c.o       3477   288185   291662
CPU_CAR_CAN_STB.c.o       4699   291662   296361
CPU_CHG_P.c.o             4611   296361   300972
CPU_CHG_S.c.o             4611   300972   305583
CPU_RLY_CHG.c.o           4655   305583   310238
CPU_RLY_CTRL.c.o          5467   310238   315705
CPU_RLY_FAN.c.o           4655   315705   320360
CPU_RLY_HEAT.c.o          4663   320360   325023
CPU_RLY_NEG.c.o           4655   325023   329678
CPU_RLY_POS.c.o           4655   329678   334333
CPU_RLY_PRE.c.o           4655   334333   338988
CPU_SUMV_EXT_RDY.c.o      3480   338988   342468
CPU_SUMV_EXT_SCL.c.o      5511   342468   347979
CPU_SUMV_EXT_SDA.c.o      7383   347979   355362
CPU_SUMV_RDY.c.o          3452   355362   358814
CPU_SUMV_SCL.c.o          4643   358814   363457
CPU_SUMV_SDA.c.o          5675   363457   369132
CPU_TLE_CO1.c.o           3449   369132   372581
CPU_TLE_CS.c.o            4639   372581   377220
CPU_TLE_SCK.c.o           4655   377220   381875
CPU_TLE_SDI.c.o           4655   381875   386530
CPU_TLE_SDO.c.o           3449   386530   389979
CURPOWER.c.o              4619   467067   471686
Cpu.c.o                  57240   230945   288185
CpuEvents.c.o            10825   456242   467067
ExtEE_Sck.c.o             3439   471686   475125
ExtEE_Sda.c.o             5123   475125   480248
ExtEE_Wp.c.o              5083   480248   485331
ExternFlash_Cs.c.o        5179  1024081  1029260
ExternFlash_Rst.c.o       6803  1029260  1036063
ExternFlash_Sck.c.o       5187  1036063  1041250
ExternFlash_Si.c.o        5179  1041250  1046429
ExternFlash_So.c.o        5179  1046429  1051608
ExternTimer_Int.c.o       3477  1051608  1055085
ExternTimer_Scl.c.o       6803  1055085  1061888
ExternTimer_Sda.c.o       6803  1061888  1068691
IO_Map.c.o              415352   485331   900683
ISO_CTRL_NEG.c.o          4643   900683   905326
ISO_CTRL_POS.c.o          4643   905326   909969
ISO_POW.c.o               4591   909969   914560
OV_Power.c.o              3424   926447   929871
PORTA0.c.o                3414   929871   933285
PORTA1.c.o                3414   933285   936699
PORTA2.c.o                3414   936699   940113
RELAY_CHG.c.o             3439   940113   943552
RELAY_DIG_ST12.c.o        3470   943552   947022
RELAY_DIG_ST34.c.o        3470   947022   950492
RELAY_NEG.c.o             3439   950492   953931
RELAY_POS.c.o             3439   953931   957370
RELAY_PRE.c.o             3439   957370   960809
SUMV_EXT_POW.c.o          5467   966316   971783
SUMV_POW.c.o              4619   971783   976402
Slaver_Pow_Ctrl.c.o       5507   960809   966316
Timer.c.o                13762   976402   990164
TimerEvents.c.o          11555   990164  1001719
Timer_1ms.c.o            13089  1073930  1087019
UV_Power.c.o              3424  1001719  1005143
Vectors.c.o              13563  1005143  1018706
mcal.c.o                 11887   914560   926447
wdi.c.o                   5375  1018706  1024081

EXPORTED OBJECTS
AC_CP_IOC_CntrState                   O   (AC_CP_IOC.c.o)
AC_CP_IOC_Disable                     F   (AC_CP_IOC.c.o)
AC_CP_IOC_EnEvent                     O   (AC_CP_IOC.c.o)
AC_CP_IOC_Enable                      F   (AC_CP_IOC.c.o)
AC_CP_IOC_Init                        F   (AC_CP_IOC.c.o)
AC_CP_IOC_Init                        I   (Cpu.c.o)
AC_CP_IOC_Interrupt                   F   (AC_CP_IOC.c.o)
AC_CP_IOC_Interrupt                   I   (Vectors.c.o)
AC_CP_IOC_OnCapture                   I   (AC_CP_IOC.c.o)
AC_CP_IOC_OnCapture                   F   (AC_CP_IOCEvents.c.o)
AI1_Disable                           F   (AI1.c.o)
AI1_Enable                            F   (AI1.c.o)
AI1_GetChanValue                      F   (AI1.c.o)
AI1_Init                              F   (AI1.c.o)
AI1_Init                              I   (Cpu.c.o)
AI1_MeasureChanWait                   F   (AI1.c.o)
AI2_Disable                           F   (AI2.c.o)
AI2_Enable                            F   (AI2.c.o)
AI2_GetChanValue                      F   (AI2.c.o)
AI2_Init                              F   (AI2.c.o)
AI2_Init                              I   (Cpu.c.o)
AI2_MeasureChanWait                   F   (AI2.c.o)
ATB_GetAppBaudrate                    F   (ATB.c.o)
ATB_GoIntoBoot                        F   (ATB.c.o)
ATB_UnlockApp                         F   (ATB.c.o)
CAN0_Disable                          F   (CAN0.c.o)
CAN0_EnEvent                          O   (CAN0.c.o)
CAN0_Enable                           F   (CAN0.c.o)
CAN0_GetError                         F   (CAN0.c.o)
CAN0_GetStateRX                       F   (CAN0.c.o)
CAN0_Init                             F   (CAN0.c.o)
CAN0_Init                             I   (Cpu.c.o)
CAN0_InterruptError                   F   (CAN0.c.o)
CAN0_InterruptError                   I   (Vectors.c.o)
CAN0_InterruptRx                      F   (CAN0.c.o)
CAN0_InterruptRx                      I   (Vectors.c.o)
CAN0_InterruptTx                      F   (CAN0.c.o)
CAN0_InterruptTx                      I   (Vectors.c.o)
CAN0_OnBusOff                         I   (CAN0.c.o)
CAN0_OnBusOff                         F   (CAN0Events.c.o)
CAN0_OnFreeTxBuffer                   I   (CAN0.c.o)
CAN0_OnFreeTxBuffer                   F   (CAN0Events.c.o)
CAN0_OnFullRxBuffer                   I   (CAN0.c.o)
CAN0_OnFullRxBuffer                   F   (CAN0Events.c.o)
CAN0_ReadFrame                        F   (CAN0.c.o)
CAN0_SendFrame                        F   (CAN0.c.o)
CAN0_SendFrameExt                     F   (CAN0.c.o)
CAN0_SetAcceptanceCode                F   (CAN0.c.o)
CAN0_SetAcceptanceMask                F   (CAN0.c.o)
CAN0_SetAcceptanceMode                F   (CAN0.c.o)
CAN1_Disable                          F   (CAN1.c.o)
CAN1_EnEvent                          O   (CAN1.c.o)
CAN1_Enable                           F   (CAN1.c.o)
CAN1_GetError                         F   (CAN1.c.o)
CAN1_GetStateRX                       F   (CAN1.c.o)
CAN1_Init                             F   (CAN1.c.o)
CAN1_Init                             I   (Cpu.c.o)
CAN1_InterruptError                   F   (CAN1.c.o)
CAN1_InterruptError                   I   (Vectors.c.o)
CAN1_InterruptRx                      F   (CAN1.c.o)
CAN1_InterruptRx                      I   (Vectors.c.o)
CAN1_InterruptTx                      F   (CAN1.c.o)
CAN1_InterruptTx                      I   (Vectors.c.o)
CAN1_OnBusOff                         I   (CAN1.c.o)
CAN1_OnBusOff                         F   (CAN1Events.c.o)
CAN1_OnFreeTxBuffer                   I   (CAN1.c.o)
CAN1_OnFreeTxBuffer                   F   (CAN1Events.c.o)
CAN1_OnFullRxBuffer                   I   (CAN1.c.o)
CAN1_OnFullRxBuffer                   F   (CAN1Events.c.o)
CAN1_ReadFrame                        F   (CAN1.c.o)
CAN1_SendFrame                        F   (CAN1.c.o)
CAN1_SendFrameExt                     F   (CAN1.c.o)
CAN1_SetAcceptanceCode                F   (CAN1.c.o)
CAN1_SetAcceptanceMask                F   (CAN1.c.o)
CAN1_SetAcceptanceMode                F   (CAN1.c.o)
CAN4_Disable                          F   (CAN4.c.o)
CAN4_EnEvent                          O   (CAN4.c.o)
CAN4_Enable                           F   (CAN4.c.o)
CAN4_GetError                         F   (CAN4.c.o)
CAN4_GetStateRX                       F   (CAN4.c.o)
CAN4_Init                             F   (CAN4.c.o)
CAN4_Init                             I   (Cpu.c.o)
CAN4_InterruptError                   F   (CAN4.c.o)
CAN4_InterruptError                   I   (Vectors.c.o)
CAN4_InterruptRx                      F   (CAN4.c.o)
CAN4_InterruptRx                      I   (Vectors.c.o)
CAN4_InterruptTx                      F   (CAN4.c.o)
CAN4_InterruptTx                      I   (Vectors.c.o)
CAN4_OnBusOff                         I   (CAN4.c.o)
CAN4_OnBusOff                         F   (CAN4Events.c.o)
CAN4_OnFreeTxBuffer                   I   (CAN4.c.o)
CAN4_OnFreeTxBuffer                   F   (CAN4Events.c.o)
CAN4_OnFullRxBuffer                   I   (CAN4.c.o)
CAN4_OnFullRxBuffer                   F   (CAN4Events.c.o)
CAN4_ReadFrame                        F   (CAN4.c.o)
CAN4_SendFrame                        F   (CAN4.c.o)
CAN4_SendFrameExt                     F   (CAN4.c.o)
CAN4_SetAcceptanceCode                F   (CAN4.c.o)
CAN4_SetAcceptanceMask                F   (CAN4.c.o)
CAN4_SetAcceptanceMode                F   (CAN4.c.o)
CCR_reg                               I   (CAN0.c.o)
CCR_reg                               I   (CAN1.c.o)
CCR_reg                               I   (CAN4.c.o)
CCR_reg                               O   (Cpu.c.o)
CHG_CAN_POW_PutVal                    F   (CHG_CAN_POW.c.o)
CON1_PutVal                           F   (CON1.c.o)
CPUCAN_CAR_EN_PutVal                  F   (CPUCAN_CAR_EN.c.o)
CPUCAN_INT_EN_PutVal                  F   (CPUCAN_INT_EN.c.o)
CPUCCS_PutVal                         F   (CPUCCS.c.o)
CPUCSCK_PutVal                        F   (CPUCSCK.c.o)
CPUCSI_PutVal                         F   (CPUCSI.c.o)
CPUDO1_PutVal                         F   (CPUDO1.c.o)
CPUDO2_PutVal                         F   (CPUDO2.c.o)
CPUEE_GetByte                         F   (CPUEE.c.o)
CPUEE_GetLong                         F   (CPUEE.c.o)
CPUEE_GetWord                         F   (CPUEE.c.o)
CPUEE_Init                            F   (CPUEE.c.o)
CPUEE_Init                            I   (Cpu.c.o)
CPUEE_Partition                       F   (CPUEE.c.o)
CPUEE_SetByte                         F   (CPUEE.c.o)
CPUEE_SetLong                         F   (CPUEE.c.o)
CPUEE_SetWord                         F   (CPUEE.c.o)
CPU_CAR_CAN_STB_PutVal                F   (CPU_CAR_CAN_STB.c.o)
CPU_CHG_P_PutVal                      F   (CPU_CHG_P.c.o)
CPU_CHG_S_PutVal                      F   (CPU_CHG_S.c.o)
CPU_RLY_CHG_PutVal                    F   (CPU_RLY_CHG.c.o)
CPU_RLY_CTRL_PutVal                   F   (CPU_RLY_CTRL.c.o)
CPU_RLY_FAN_PutVal                    F   (CPU_RLY_FAN.c.o)
CPU_RLY_HEAT_PutVal                   F   (CPU_RLY_HEAT.c.o)
CPU_RLY_NEG_PutVal                    F   (CPU_RLY_NEG.c.o)
CPU_RLY_POS_PutVal                    F   (CPU_RLY_POS.c.o)
CPU_RLY_PRE_PutVal                    F   (CPU_RLY_PRE.c.o)
CPU_SUMV_EXT_SCL_PutVal               F   (CPU_SUMV_EXT_SCL.c.o)
CPU_SUMV_EXT_SDA_PutVal               F   (CPU_SUMV_EXT_SDA.c.o)
CPU_SUMV_EXT_SDA_SetDir               F   (CPU_SUMV_EXT_SDA.c.o)
CPU_SUMV_SCL_PutVal                   F   (CPU_SUMV_SCL.c.o)
CPU_SUMV_SDA_PutVal                   F   (CPU_SUMV_SDA.c.o)
CPU_SUMV_SDA_SetDir                   F   (CPU_SUMV_SDA.c.o)
CPU_TLE_CS_PutVal                     F   (CPU_TLE_CS.c.o)
CPU_TLE_SCK_PutVal                    F   (CPU_TLE_SCK.c.o)
CPU_TLE_SDI_PutVal                    F   (CPU_TLE_SDI.c.o)
CURPOWER_PutVal                       F   (CURPOWER.c.o)
Can_ReceiveTask                       I   (CAN0Events.c.o)
Can_ReceiveTask                       I   (CAN1Events.c.o)
Can_ReceiveTask                       I   (CAN4Events.c.o)
Can_SendTask                          I   (CAN0Events.c.o)
Can_SendTask                          I   (CAN1Events.c.o)
Can_SendTask                          I   (CAN4Events.c.o)
Can_TxConfirm                         I   (CAN0Events.c.o)
Can_TxConfirm                         I   (CAN1Events.c.o)
Can_TxConfirm                         I   (CAN4Events.c.o)
Cpu_Delay100US                        F   (Cpu.c.o)
Cpu_GetResetSource                    F   (Cpu.c.o)
Cpu_Interrupt                         F   (Cpu.c.o)
Cpu_Interrupt                         I   (Vectors.c.o)
ExtEE_Sda_SetOutput                   F   (ExtEE_Sda.c.o)
ExtEE_Wp_SetOutput                    F   (ExtEE_Wp.c.o)
ExternFlash_Cs_SetOutput              F   (ExternFlash_Cs.c.o)
ExternFlash_Rst_SetOutput             F   (ExternFlash_Rst.c.o)
ExternFlash_Sck_SetOutput             F   (ExternFlash_Sck.c.o)
ExternFlash_Si_SetOutput              F   (ExternFlash_Si.c.o)
ExternFlash_So_SetOutput              F   (ExternFlash_So.c.o)
ExternTimer_Scl_SetOutput             F   (ExternTimer_Scl.c.o)
ExternTimer_Sda_SetOutput             F   (ExternTimer_Sda.c.o)
ISO_CTRL_NEG_PutVal                   F   (ISO_CTRL_NEG.c.o)
ISO_CTRL_POS_PutVal                   F   (ISO_CTRL_POS.c.o)
ISO_POW_PutVal                        F   (ISO_POW.c.o)
IocIf_Task                            I   (AC_CP_IOCEvents.c.o)
LastResetSource                       O   (Cpu.c.o)
Main_Task                             I   (mcal.c.o)
PE_low_level_init                     F   (Cpu.c.o)
PE_low_level_init                     I   (mcal.c.o)
SUMV_EXT_POW_PutVal                   F   (SUMV_EXT_POW.c.o)
SUMV_POW_PutVal                       F   (SUMV_POW.c.o)
Sch_MainInit                          I   (mcal.c.o)
Shadow_C                              I   (CPU_SUMV_EXT_SDA.c.o)
Shadow_C                              O   (Cpu.c.o)
Shadow_C                              I   (ExternFlash_Rst.c.o)
Shadow_D                              O   (Cpu.c.o)
Shadow_D                              I   (ExternTimer_Scl.c.o)
Shadow_D                              I   (ExternTimer_Sda.c.o)
Shadow_H                              O   (Cpu.c.o)
Shadow_H                              I   (ExternFlash_Cs.c.o)
Shadow_H                              I   (ExternFlash_Sck.c.o)
Shadow_H                              I   (ExternFlash_Si.c.o)
Shadow_H                              I   (ExternFlash_So.c.o)
Shadow_J                              O   (Cpu.c.o)
Shadow_J                              I   (ExtEE_Sda.c.o)
Shadow_K                              I   (CPU_SUMV_SDA.c.o)
Shadow_K                              O   (Cpu.c.o)
Shadow_K                              I   (ExtEE_Wp.c.o)
Slaver_Pow_Ctrl_PutVal                F   (Slaver_Pow_Ctrl.c.o)
Timer_1ms_Enable                      F   (Timer_1ms.c.o)
Timer_1ms_Interrupt                   F   (Timer_1ms.c.o)
Timer_1ms_Interrupt                   I   (Vectors.c.o)
Timer_Enable                          F   (Timer.c.o)
Timer_EnableEvent                     F   (Timer.c.o)
Timer_Interrupt                       F   (Timer.c.o)
Timer_Interrupt                       I   (Vectors.c.o)
Timer_OnInterrupt                     I   (Timer.c.o)
Timer_OnInterrupt                     F   (TimerEvents.c.o)
Timer_Task                            I   (TimerEvents.c.o)
Version_GetVesionBcudMcalModuleVer    F   (BcudMcal_Version.c.o)
Vesion_BcudMcalVerDef                 O   (BcudMcal_Version.c.o)
_ARMCOP                               O   (IO_Map.c.o)
_ATD0CMPE                             O   (IO_Map.c.o)
_ATD0CMPHT                            O   (IO_Map.c.o)
_ATD0CTL01                            I   (AI1.c.o)
_ATD0CTL01                            O   (IO_Map.c.o)
_ATD0CTL23                            I   (AI1.c.o)
_ATD0CTL23                            O   (IO_Map.c.o)
_ATD0CTL45                            I   (AI1.c.o)
_ATD0CTL45                            O   (IO_Map.c.o)
_ATD0DIEN                             I   (Cpu.c.o)
_ATD0DIEN                             O   (IO_Map.c.o)
_ATD0DR0                              I   (AI1.c.o)
_ATD0DR0                              O   (IO_Map.c.o)
_ATD0DR1                              O   (IO_Map.c.o)
_ATD0DR10                             O   (IO_Map.c.o)
_ATD0DR11                             O   (IO_Map.c.o)
_ATD0DR12                             O   (IO_Map.c.o)
_ATD0DR13                             O   (IO_Map.c.o)
_ATD0DR14                             O   (IO_Map.c.o)
_ATD0DR15                             O   (IO_Map.c.o)
_ATD0DR2                              O   (IO_Map.c.o)
_ATD0DR3                              O   (IO_Map.c.o)
_ATD0DR4                              O   (IO_Map.c.o)
_ATD0DR5                              O   (IO_Map.c.o)
_ATD0DR6                              O   (IO_Map.c.o)
_ATD0DR7                              O   (IO_Map.c.o)
_ATD0DR8                              O   (IO_Map.c.o)
_ATD0DR9                              O   (IO_Map.c.o)
_ATD0STAT0                            I   (AI1.c.o)
_ATD0STAT0                            O   (IO_Map.c.o)
_ATD0STAT2                            O   (IO_Map.c.o)
_ATD1CMPE                             O   (IO_Map.c.o)
_ATD1CMPHT                            O   (IO_Map.c.o)
_ATD1CTL01                            I   (AI2.c.o)
_ATD1CTL01                            O   (IO_Map.c.o)
_ATD1CTL23                            I   (AI2.c.o)
_ATD1CTL23                            O   (IO_Map.c.o)
_ATD1CTL45                            I   (AI2.c.o)
_ATD1CTL45                            O   (IO_Map.c.o)
_ATD1DIEN                             I   (Cpu.c.o)
_ATD1DIEN                             O   (IO_Map.c.o)
_ATD1DR0                              I   (AI2.c.o)
_ATD1DR0                              O   (IO_Map.c.o)
_ATD1DR1                              O   (IO_Map.c.o)
_ATD1DR10                             O   (IO_Map.c.o)
_ATD1DR11                             O   (IO_Map.c.o)
_ATD1DR12                             O   (IO_Map.c.o)
_ATD1DR13                             O   (IO_Map.c.o)
_ATD1DR14                             O   (IO_Map.c.o)
_ATD1DR15                             O   (IO_Map.c.o)
_ATD1DR2                              O   (IO_Map.c.o)
_ATD1DR3                              O   (IO_Map.c.o)
_ATD1DR4                              O   (IO_Map.c.o)
_ATD1DR5                              O   (IO_Map.c.o)
_ATD1DR6                              O   (IO_Map.c.o)
_ATD1DR7                              O   (IO_Map.c.o)
_ATD1DR8                              O   (IO_Map.c.o)
_ATD1DR9                              O   (IO_Map.c.o)
_ATD1STAT0                            I   (AI2.c.o)
_ATD1STAT0                            O   (IO_Map.c.o)
_ATD1STAT2                            O   (IO_Map.c.o)
_BSHL                                 I   (CAN0.c.o)
_BSHL                                 I   (CAN1.c.o)
_BSHL                                 I   (CAN4.c.o)
_CAN0BTR0                             I   (CAN0.c.o)
_CAN0BTR0                             O   (IO_Map.c.o)
_CAN0BTR1                             I   (CAN0.c.o)
_CAN0BTR1                             O   (IO_Map.c.o)
_CAN0CTL0                             I   (CAN0.c.o)
_CAN0CTL0                             O   (IO_Map.c.o)
_CAN0CTL1                             I   (CAN0.c.o)
_CAN0CTL1                             O   (IO_Map.c.o)
_CAN0IDAC                             I   (CAN0.c.o)
_CAN0IDAC                             O   (IO_Map.c.o)
_CAN0IDAR0                            I   (CAN0.c.o)
_CAN0IDAR0                            O   (IO_Map.c.o)
_CAN0IDAR1                            I   (CAN0.c.o)
_CAN0IDAR1                            O   (IO_Map.c.o)
_CAN0IDAR2                            I   (CAN0.c.o)
_CAN0IDAR2                            O   (IO_Map.c.o)
_CAN0IDAR3                            I   (CAN0.c.o)
_CAN0IDAR3                            O   (IO_Map.c.o)
_CAN0IDAR4                            I   (CAN0.c.o)
_CAN0IDAR4                            O   (IO_Map.c.o)
_CAN0IDAR5                            I   (CAN0.c.o)
_CAN0IDAR5                            O   (IO_Map.c.o)
_CAN0IDAR6                            I   (CAN0.c.o)
_CAN0IDAR6                            O   (IO_Map.c.o)
_CAN0IDAR7                            I   (CAN0.c.o)
_CAN0IDAR7                            O   (IO_Map.c.o)
_CAN0IDMR0                            I   (CAN0.c.o)
_CAN0IDMR0                            O   (IO_Map.c.o)
_CAN0IDMR1                            I   (CAN0.c.o)
_CAN0IDMR1                            O   (IO_Map.c.o)
_CAN0IDMR2                            I   (CAN0.c.o)
_CAN0IDMR2                            O   (IO_Map.c.o)
_CAN0IDMR3                            I   (CAN0.c.o)
_CAN0IDMR3                            O   (IO_Map.c.o)
_CAN0IDMR4                            I   (CAN0.c.o)
_CAN0IDMR4                            O   (IO_Map.c.o)
_CAN0IDMR5                            I   (CAN0.c.o)
_CAN0IDMR5                            O   (IO_Map.c.o)
_CAN0IDMR6                            I   (CAN0.c.o)
_CAN0IDMR6                            O   (IO_Map.c.o)
_CAN0IDMR7                            I   (CAN0.c.o)
_CAN0IDMR7                            O   (IO_Map.c.o)
_CAN0MISC                             O   (IO_Map.c.o)
_CAN0RFLG                             I   (CAN0.c.o)
_CAN0RFLG                             O   (IO_Map.c.o)
_CAN0RIER                             I   (CAN0.c.o)
_CAN0RIER                             O   (IO_Map.c.o)
_CAN0RXDLR                            I   (CAN0.c.o)
_CAN0RXDLR                            O   (IO_Map.c.o)
_CAN0RXDSR0                           I   (CAN0.c.o)
_CAN0RXDSR0                           O   (IO_Map.c.o)
_CAN0RXDSR1                           O   (IO_Map.c.o)
_CAN0RXDSR2                           O   (IO_Map.c.o)
_CAN0RXDSR3                           O   (IO_Map.c.o)
_CAN0RXDSR4                           O   (IO_Map.c.o)
_CAN0RXDSR5                           O   (IO_Map.c.o)
_CAN0RXDSR6                           O   (IO_Map.c.o)
_CAN0RXDSR7                           O   (IO_Map.c.o)
_CAN0RXERR                            O   (IO_Map.c.o)
_CAN0RXIDR0                           I   (CAN0.c.o)
_CAN0RXIDR0                           O   (IO_Map.c.o)
_CAN0RXIDR1                           I   (CAN0.c.o)
_CAN0RXIDR1                           O   (IO_Map.c.o)
_CAN0RXIDR2                           I   (CAN0.c.o)
_CAN0RXIDR2                           O   (IO_Map.c.o)
_CAN0RXIDR3                           I   (CAN0.c.o)
_CAN0RXIDR3                           O   (IO_Map.c.o)
_CAN0RXTSR                            O   (IO_Map.c.o)
_CAN0TAAK                             O   (IO_Map.c.o)
_CAN0TARQ                             O   (IO_Map.c.o)
_CAN0TBSEL                            I   (CAN0.c.o)
_CAN0TBSEL                            O   (IO_Map.c.o)
_CAN0TFLG                             I   (CAN0.c.o)
_CAN0TFLG                             O   (IO_Map.c.o)
_CAN0TIER                             I   (CAN0.c.o)
_CAN0TIER                             O   (IO_Map.c.o)
_CAN0TXDLR                            I   (CAN0.c.o)
_CAN0TXDLR                            O   (IO_Map.c.o)
_CAN0TXDSR0                           O   (IO_Map.c.o)
_CAN0TXDSR1                           O   (IO_Map.c.o)
_CAN0TXDSR2                           O   (IO_Map.c.o)
_CAN0TXDSR3                           O   (IO_Map.c.o)
_CAN0TXDSR4                           O   (IO_Map.c.o)
_CAN0TXDSR5                           O   (IO_Map.c.o)
_CAN0TXDSR6                           O   (IO_Map.c.o)
_CAN0TXDSR7                           O   (IO_Map.c.o)
_CAN0TXERR                            O   (IO_Map.c.o)
_CAN0TXIDR0                           I   (CAN0.c.o)
_CAN0TXIDR0                           O   (IO_Map.c.o)
_CAN0TXIDR1                           O   (IO_Map.c.o)
_CAN0TXIDR2                           O   (IO_Map.c.o)
_CAN0TXIDR3                           O   (IO_Map.c.o)
_CAN0TXTBPR                           I   (CAN0.c.o)
_CAN0TXTBPR                           O   (IO_Map.c.o)
_CAN0TXTSR                            O   (IO_Map.c.o)
_CAN1BTR0                             I   (CAN1.c.o)
_CAN1BTR0                             O   (IO_Map.c.o)
_CAN1BTR1                             I   (CAN1.c.o)
_CAN1BTR1                             O   (IO_Map.c.o)
_CAN1CTL0                             I   (CAN1.c.o)
_CAN1CTL0                             O   (IO_Map.c.o)
_CAN1CTL1                             I   (CAN1.c.o)
_CAN1CTL1                             O   (IO_Map.c.o)
_CAN1IDAC                             I   (CAN1.c.o)
_CAN1IDAC                             O   (IO_Map.c.o)
_CAN1IDAR0                            I   (CAN1.c.o)
_CAN1IDAR0                            O   (IO_Map.c.o)
_CAN1IDAR1                            I   (CAN1.c.o)
_CAN1IDAR1                            O   (IO_Map.c.o)
_CAN1IDAR2                            I   (CAN1.c.o)
_CAN1IDAR2                            O   (IO_Map.c.o)
_CAN1IDAR3                            I   (CAN1.c.o)
_CAN1IDAR3                            O   (IO_Map.c.o)
_CAN1IDAR4                            I   (CAN1.c.o)
_CAN1IDAR4                            O   (IO_Map.c.o)
_CAN1IDAR5                            I   (CAN1.c.o)
_CAN1IDAR5                            O   (IO_Map.c.o)
_CAN1IDAR6                            I   (CAN1.c.o)
_CAN1IDAR6                            O   (IO_Map.c.o)
_CAN1IDAR7                            I   (CAN1.c.o)
_CAN1IDAR7                            O   (IO_Map.c.o)
_CAN1IDMR0                            I   (CAN1.c.o)
_CAN1IDMR0                            O   (IO_Map.c.o)
_CAN1IDMR1                            I   (CAN1.c.o)
_CAN1IDMR1                            O   (IO_Map.c.o)
_CAN1IDMR2                            I   (CAN1.c.o)
_CAN1IDMR2                            O   (IO_Map.c.o)
_CAN1IDMR3                            I   (CAN1.c.o)
_CAN1IDMR3                            O   (IO_Map.c.o)
_CAN1IDMR4                            I   (CAN1.c.o)
_CAN1IDMR4                            O   (IO_Map.c.o)
_CAN1IDMR5                            I   (CAN1.c.o)
_CAN1IDMR5                            O   (IO_Map.c.o)
_CAN1IDMR6                            I   (CAN1.c.o)
_CAN1IDMR6                            O   (IO_Map.c.o)
_CAN1IDMR7                            I   (CAN1.c.o)
_CAN1IDMR7                            O   (IO_Map.c.o)
_CAN1MISC                             O   (IO_Map.c.o)
_CAN1RFLG                             I   (CAN1.c.o)
_CAN1RFLG                             O   (IO_Map.c.o)
_CAN1RIER                             I   (CAN1.c.o)
_CAN1RIER                             O   (IO_Map.c.o)
_CAN1RXDLR                            I   (CAN1.c.o)
_CAN1RXDLR                            O   (IO_Map.c.o)
_CAN1RXDSR0                           I   (CAN1.c.o)
_CAN1RXDSR0                           O   (IO_Map.c.o)
_CAN1RXDSR1                           O   (IO_Map.c.o)
_CAN1RXDSR2                           O   (IO_Map.c.o)
_CAN1RXDSR3                           O   (IO_Map.c.o)
_CAN1RXDSR4                           O   (IO_Map.c.o)
_CAN1RXDSR5                           O   (IO_Map.c.o)
_CAN1RXDSR6                           O   (IO_Map.c.o)
_CAN1RXDSR7                           O   (IO_Map.c.o)
_CAN1RXERR                            O   (IO_Map.c.o)
_CAN1RXIDR0                           I   (CAN1.c.o)
_CAN1RXIDR0                           O   (IO_Map.c.o)
_CAN1RXIDR1                           I   (CAN1.c.o)
_CAN1RXIDR1                           O   (IO_Map.c.o)
_CAN1RXIDR2                           I   (CAN1.c.o)
_CAN1RXIDR2                           O   (IO_Map.c.o)
_CAN1RXIDR3                           I   (CAN1.c.o)
_CAN1RXIDR3                           O   (IO_Map.c.o)
_CAN1RXTSR                            O   (IO_Map.c.o)
_CAN1TAAK                             O   (IO_Map.c.o)
_CAN1TARQ                             O   (IO_Map.c.o)
_CAN1TBSEL                            I   (CAN1.c.o)
_CAN1TBSEL                            O   (IO_Map.c.o)
_CAN1TFLG                             I   (CAN1.c.o)
_CAN1TFLG                             O   (IO_Map.c.o)
_CAN1TIER                             I   (CAN1.c.o)
_CAN1TIER                             O   (IO_Map.c.o)
_CAN1TXDLR                            I   (CAN1.c.o)
_CAN1TXDLR                            O   (IO_Map.c.o)
_CAN1TXDSR0                           O   (IO_Map.c.o)
_CAN1TXDSR1                           O   (IO_Map.c.o)
_CAN1TXDSR2                           O   (IO_Map.c.o)
_CAN1TXDSR3                           O   (IO_Map.c.o)
_CAN1TXDSR4                           O   (IO_Map.c.o)
_CAN1TXDSR5                           O   (IO_Map.c.o)
_CAN1TXDSR6                           O   (IO_Map.c.o)
_CAN1TXDSR7                           O   (IO_Map.c.o)
_CAN1TXERR                            O   (IO_Map.c.o)
_CAN1TXIDR0                           I   (CAN1.c.o)
_CAN1TXIDR0                           O   (IO_Map.c.o)
_CAN1TXIDR1                           O   (IO_Map.c.o)
_CAN1TXIDR2                           O   (IO_Map.c.o)
_CAN1TXIDR3                           O   (IO_Map.c.o)
_CAN1TXTBPR                           I   (CAN1.c.o)
_CAN1TXTBPR                           O   (IO_Map.c.o)
_CAN1TXTSR                            O   (IO_Map.c.o)
_CAN2BTR0                             O   (IO_Map.c.o)
_CAN2BTR1                             O   (IO_Map.c.o)
_CAN2CTL0                             O   (IO_Map.c.o)
_CAN2CTL1                             O   (IO_Map.c.o)
_CAN2IDAC                             O   (IO_Map.c.o)
_CAN2IDAR0                            O   (IO_Map.c.o)
_CAN2IDAR1                            O   (IO_Map.c.o)
_CAN2IDAR2                            O   (IO_Map.c.o)
_CAN2IDAR3                            O   (IO_Map.c.o)
_CAN2IDAR4                            O   (IO_Map.c.o)
_CAN2IDAR5                            O   (IO_Map.c.o)
_CAN2IDAR6                            O   (IO_Map.c.o)
_CAN2IDAR7                            O   (IO_Map.c.o)
_CAN2IDMR0                            O   (IO_Map.c.o)
_CAN2IDMR1                            O   (IO_Map.c.o)
_CAN2IDMR2                            O   (IO_Map.c.o)
_CAN2IDMR3                            O   (IO_Map.c.o)
_CAN2IDMR4                            O   (IO_Map.c.o)
_CAN2IDMR5                            O   (IO_Map.c.o)
_CAN2IDMR6                            O   (IO_Map.c.o)
_CAN2IDMR7                            O   (IO_Map.c.o)
_CAN2MISC                             O   (IO_Map.c.o)
_CAN2RFLG                             O   (IO_Map.c.o)
_CAN2RIER                             O   (IO_Map.c.o)
_CAN2RXDLR                            O   (IO_Map.c.o)
_CAN2RXDSR0                           O   (IO_Map.c.o)
_CAN2RXDSR1                           O   (IO_Map.c.o)
_CAN2RXDSR2                           O   (IO_Map.c.o)
_CAN2RXDSR3                           O   (IO_Map.c.o)
_CAN2RXDSR4                           O   (IO_Map.c.o)
_CAN2RXDSR5                           O   (IO_Map.c.o)
_CAN2RXDSR6                           O   (IO_Map.c.o)
_CAN2RXDSR7                           O   (IO_Map.c.o)
_CAN2RXERR                            O   (IO_Map.c.o)
_CAN2RXIDR0                           O   (IO_Map.c.o)
_CAN2RXIDR1                           O   (IO_Map.c.o)
_CAN2RXIDR2                           O   (IO_Map.c.o)
_CAN2RXIDR3                           O   (IO_Map.c.o)
_CAN2RXTSR                            O   (IO_Map.c.o)
_CAN2TAAK                             O   (IO_Map.c.o)
_CAN2TARQ                             O   (IO_Map.c.o)
_CAN2TBSEL                            O   (IO_Map.c.o)
_CAN2TFLG                             O   (IO_Map.c.o)
_CAN2TIER                             O   (IO_Map.c.o)
_CAN2TXDLR                            O   (IO_Map.c.o)
_CAN2TXDSR0                           O   (IO_Map.c.o)
_CAN2TXDSR1                           O   (IO_Map.c.o)
_CAN2TXDSR2                           O   (IO_Map.c.o)
_CAN2TXDSR3                           O   (IO_Map.c.o)
_CAN2TXDSR4                           O   (IO_Map.c.o)
_CAN2TXDSR5                           O   (IO_Map.c.o)
_CAN2TXDSR6                           O   (IO_Map.c.o)
_CAN2TXDSR7                           O   (IO_Map.c.o)
_CAN2TXERR                            O   (IO_Map.c.o)
_CAN2TXIDR0                           O   (IO_Map.c.o)
_CAN2TXIDR1                           O   (IO_Map.c.o)
_CAN2TXIDR2                           O   (IO_Map.c.o)
_CAN2TXIDR3                           O   (IO_Map.c.o)
_CAN2TXTBPR                           O   (IO_Map.c.o)
_CAN2TXTSR                            O   (IO_Map.c.o)
_CAN3BTR0                             O   (IO_Map.c.o)
_CAN3BTR1                             O   (IO_Map.c.o)
_CAN3CTL0                             O   (IO_Map.c.o)
_CAN3CTL1                             O   (IO_Map.c.o)
_CAN3IDAC                             O   (IO_Map.c.o)
_CAN3IDAR0                            O   (IO_Map.c.o)
_CAN3IDAR1                            O   (IO_Map.c.o)
_CAN3IDAR2                            O   (IO_Map.c.o)
_CAN3IDAR3                            O   (IO_Map.c.o)
_CAN3IDAR4                            O   (IO_Map.c.o)
_CAN3IDAR5                            O   (IO_Map.c.o)
_CAN3IDAR6                            O   (IO_Map.c.o)
_CAN3IDAR7                            O   (IO_Map.c.o)
_CAN3IDMR0                            O   (IO_Map.c.o)
_CAN3IDMR1                            O   (IO_Map.c.o)
_CAN3IDMR2                            O   (IO_Map.c.o)
_CAN3IDMR3                            O   (IO_Map.c.o)
_CAN3IDMR4                            O   (IO_Map.c.o)
_CAN3IDMR5                            O   (IO_Map.c.o)
_CAN3IDMR6                            O   (IO_Map.c.o)
_CAN3IDMR7                            O   (IO_Map.c.o)
_CAN3MISC                             O   (IO_Map.c.o)
_CAN3RFLG                             O   (IO_Map.c.o)
_CAN3RIER                             O   (IO_Map.c.o)
_CAN3RXDLR                            O   (IO_Map.c.o)
_CAN3RXDSR0                           O   (IO_Map.c.o)
_CAN3RXDSR1                           O   (IO_Map.c.o)
_CAN3RXDSR2                           O   (IO_Map.c.o)
_CAN3RXDSR3                           O   (IO_Map.c.o)
_CAN3RXDSR4                           O   (IO_Map.c.o)
_CAN3RXDSR5                           O   (IO_Map.c.o)
_CAN3RXDSR6                           O   (IO_Map.c.o)
_CAN3RXDSR7                           O   (IO_Map.c.o)
_CAN3RXERR                            O   (IO_Map.c.o)
_CAN3RXIDR0                           O   (IO_Map.c.o)
_CAN3RXIDR1                           O   (IO_Map.c.o)
_CAN3RXIDR2                           O   (IO_Map.c.o)
_CAN3RXIDR3                           O   (IO_Map.c.o)
_CAN3RXTSR                            O   (IO_Map.c.o)
_CAN3TAAK                             O   (IO_Map.c.o)
_CAN3TARQ                             O   (IO_Map.c.o)
_CAN3TBSEL                            O   (IO_Map.c.o)
_CAN3TFLG                             O   (IO_Map.c.o)
_CAN3TIER                             O   (IO_Map.c.o)
_CAN3TXDLR                            O   (IO_Map.c.o)
_CAN3TXDSR0                           O   (IO_Map.c.o)
_CAN3TXDSR1                           O   (IO_Map.c.o)
_CAN3TXDSR2                           O   (IO_Map.c.o)
_CAN3TXDSR3                           O   (IO_Map.c.o)
_CAN3TXDSR4                           O   (IO_Map.c.o)
_CAN3TXDSR5                           O   (IO_Map.c.o)
_CAN3TXDSR6                           O   (IO_Map.c.o)
_CAN3TXDSR7                           O   (IO_Map.c.o)
_CAN3TXERR                            O   (IO_Map.c.o)
_CAN3TXIDR0                           O   (IO_Map.c.o)
_CAN3TXIDR1                           O   (IO_Map.c.o)
_CAN3TXIDR2                           O   (IO_Map.c.o)
_CAN3TXIDR3                           O   (IO_Map.c.o)
_CAN3TXTBPR                           O   (IO_Map.c.o)
_CAN3TXTSR                            O   (IO_Map.c.o)
_CAN4BTR0                             I   (CAN4.c.o)
_CAN4BTR0                             O   (IO_Map.c.o)
_CAN4BTR1                             I   (CAN4.c.o)
_CAN4BTR1                             O   (IO_Map.c.o)
_CAN4CTL0                             I   (CAN4.c.o)
_CAN4CTL0                             O   (IO_Map.c.o)
_CAN4CTL1                             I   (CAN4.c.o)
_CAN4CTL1                             O   (IO_Map.c.o)
_CAN4IDAC                             I   (CAN4.c.o)
_CAN4IDAC                             O   (IO_Map.c.o)
_CAN4IDAR0                            I   (CAN4.c.o)
_CAN4IDAR0                            O   (IO_Map.c.o)
_CAN4IDAR1                            I   (CAN4.c.o)
_CAN4IDAR1                            O   (IO_Map.c.o)
_CAN4IDAR2                            I   (CAN4.c.o)
_CAN4IDAR2                            O   (IO_Map.c.o)
_CAN4IDAR3                            I   (CAN4.c.o)
_CAN4IDAR3                            O   (IO_Map.c.o)
_CAN4IDAR4                            I   (CAN4.c.o)
_CAN4IDAR4                            O   (IO_Map.c.o)
_CAN4IDAR5                            I   (CAN4.c.o)
_CAN4IDAR5                            O   (IO_Map.c.o)
_CAN4IDAR6                            I   (CAN4.c.o)
_CAN4IDAR6                            O   (IO_Map.c.o)
_CAN4IDAR7                            I   (CAN4.c.o)
_CAN4IDAR7                            O   (IO_Map.c.o)
_CAN4IDMR0                            I   (CAN4.c.o)
_CAN4IDMR0                            O   (IO_Map.c.o)
_CAN4IDMR1                            I   (CAN4.c.o)
_CAN4IDMR1                            O   (IO_Map.c.o)
_CAN4IDMR2                            I   (CAN4.c.o)
_CAN4IDMR2                            O   (IO_Map.c.o)
_CAN4IDMR3                            I   (CAN4.c.o)
_CAN4IDMR3                            O   (IO_Map.c.o)
_CAN4IDMR4                            I   (CAN4.c.o)
_CAN4IDMR4                            O   (IO_Map.c.o)
_CAN4IDMR5                            I   (CAN4.c.o)
_CAN4IDMR5                            O   (IO_Map.c.o)
_CAN4IDMR6                            I   (CAN4.c.o)
_CAN4IDMR6                            O   (IO_Map.c.o)
_CAN4IDMR7                            I   (CAN4.c.o)
_CAN4IDMR7                            O   (IO_Map.c.o)
_CAN4MISC                             O   (IO_Map.c.o)
_CAN4RFLG                             I   (CAN4.c.o)
_CAN4RFLG                             O   (IO_Map.c.o)
_CAN4RIER                             I   (CAN4.c.o)
_CAN4RIER                             O   (IO_Map.c.o)
_CAN4RXDLR                            I   (CAN4.c.o)
_CAN4RXDLR                            O   (IO_Map.c.o)
_CAN4RXDSR0                           I   (CAN4.c.o)
_CAN4RXDSR0                           O   (IO_Map.c.o)
_CAN4RXDSR1                           O   (IO_Map.c.o)
_CAN4RXDSR2                           O   (IO_Map.c.o)
_CAN4RXDSR3                           O   (IO_Map.c.o)
_CAN4RXDSR4                           O   (IO_Map.c.o)
_CAN4RXDSR5                           O   (IO_Map.c.o)
_CAN4RXDSR6                           O   (IO_Map.c.o)
_CAN4RXDSR7                           O   (IO_Map.c.o)
_CAN4RXERR                            O   (IO_Map.c.o)
_CAN4RXIDR0                           I   (CAN4.c.o)
_CAN4RXIDR0                           O   (IO_Map.c.o)
_CAN4RXIDR1                           I   (CAN4.c.o)
_CAN4RXIDR1                           O   (IO_Map.c.o)
_CAN4RXIDR2                           I   (CAN4.c.o)
_CAN4RXIDR2                           O   (IO_Map.c.o)
_CAN4RXIDR3                           I   (CAN4.c.o)
_CAN4RXIDR3                           O   (IO_Map.c.o)
_CAN4RXTSR                            O   (IO_Map.c.o)
_CAN4TAAK                             O   (IO_Map.c.o)
_CAN4TARQ                             O   (IO_Map.c.o)
_CAN4TBSEL                            I   (CAN4.c.o)
_CAN4TBSEL                            O   (IO_Map.c.o)
_CAN4TFLG                             I   (CAN4.c.o)
_CAN4TFLG                             O   (IO_Map.c.o)
_CAN4TIER                             I   (CAN4.c.o)
_CAN4TIER                             O   (IO_Map.c.o)
_CAN4TXDLR                            I   (CAN4.c.o)
_CAN4TXDLR                            O   (IO_Map.c.o)
_CAN4TXDSR0                           O   (IO_Map.c.o)
_CAN4TXDSR1                           O   (IO_Map.c.o)
_CAN4TXDSR2                           O   (IO_Map.c.o)
_CAN4TXDSR3                           O   (IO_Map.c.o)
_CAN4TXDSR4                           O   (IO_Map.c.o)
_CAN4TXDSR5                           O   (IO_Map.c.o)
_CAN4TXDSR6                           O   (IO_Map.c.o)
_CAN4TXDSR7                           O   (IO_Map.c.o)
_CAN4TXERR                            O   (IO_Map.c.o)
_CAN4TXIDR0                           I   (CAN4.c.o)
_CAN4TXIDR0                           O   (IO_Map.c.o)
_CAN4TXIDR1                           O   (IO_Map.c.o)
_CAN4TXIDR2                           O   (IO_Map.c.o)
_CAN4TXIDR3                           O   (IO_Map.c.o)
_CAN4TXTBPR                           I   (CAN4.c.o)
_CAN4TXTBPR                           O   (IO_Map.c.o)
_CAN4TXTSR                            O   (IO_Map.c.o)
_CLKSEL                               I   (Cpu.c.o)
_CLKSEL                               O   (IO_Map.c.o)
_COPCTL                               I   (Cpu.c.o)
_COPCTL                               O   (IO_Map.c.o)
_COPY                                 I   (BcudMcal_Version.c.o)
_CRGFLG                               I   (Cpu.c.o)
_CRGFLG                               O   (IO_Map.c.o)
_CRGINT                               I   (Cpu.c.o)
_CRGINT                               O   (IO_Map.c.o)
_DBGC1                                O   (IO_Map.c.o)
_DBGC2                                O   (IO_Map.c.o)
_DBGCNT                               O   (IO_Map.c.o)
_DBGSCRX                              O   (IO_Map.c.o)
_DBGSR                                O   (IO_Map.c.o)
_DBGTB                                O   (IO_Map.c.o)
_DBGTCR                               O   (IO_Map.c.o)
_DBGXAH                               O   (IO_Map.c.o)
_DBGXAL                               O   (IO_Map.c.o)
_DBGXAM                               O   (IO_Map.c.o)
_DBGXCTL                              O   (IO_Map.c.o)
_DBGXDH                               O   (IO_Map.c.o)
_DBGXDHM                              O   (IO_Map.c.o)
_DBGXDL                               O   (IO_Map.c.o)
_DBGXDLM                              O   (IO_Map.c.o)
_DDR01AD0                             O   (IO_Map.c.o)
_DDR01AD1                             I   (Cpu.c.o)
_DDR01AD1                             O   (IO_Map.c.o)
_DDRAB                                I   (Cpu.c.o)
_DDRAB                                O   (IO_Map.c.o)
_DDRCD                                I   (CPU_SUMV_EXT_SDA.c.o)
_DDRCD                                I   (Cpu.c.o)
_DDRCD                                I   (ExternFlash_Rst.c.o)
_DDRCD                                I   (ExternTimer_Scl.c.o)
_DDRCD                                I   (ExternTimer_Sda.c.o)
_DDRCD                                O   (IO_Map.c.o)
_DDRE                                 O   (IO_Map.c.o)
_DDRF                                 I   (Cpu.c.o)
_DDRF                                 O   (IO_Map.c.o)
_DDRH                                 I   (Cpu.c.o)
_DDRH                                 I   (ExternFlash_Cs.c.o)
_DDRH                                 I   (ExternFlash_Sck.c.o)
_DDRH                                 I   (ExternFlash_Si.c.o)
_DDRH                                 I   (ExternFlash_So.c.o)
_DDRH                                 O   (IO_Map.c.o)
_DDRJ                                 I   (Cpu.c.o)
_DDRJ                                 I   (ExtEE_Sda.c.o)
_DDRJ                                 O   (IO_Map.c.o)
_DDRK                                 I   (CPU_SUMV_SDA.c.o)
_DDRK                                 I   (Cpu.c.o)
_DDRK                                 I   (ExtEE_Wp.c.o)
_DDRK                                 O   (IO_Map.c.o)
_DDRL                                 I   (Cpu.c.o)
_DDRL                                 O   (IO_Map.c.o)
_DDRM                                 O   (IO_Map.c.o)
_DDRP                                 I   (Cpu.c.o)
_DDRP                                 O   (IO_Map.c.o)
_DDRR                                 I   (Cpu.c.o)
_DDRR                                 O   (IO_Map.c.o)
_DDRS                                 I   (Cpu.c.o)
_DDRS                                 O   (IO_Map.c.o)
_DDRT                                 I   (Cpu.c.o)
_DDRT                                 O   (IO_Map.c.o)
_DIRECT                               I   (Cpu.c.o)
_DIRECT                               O   (IO_Map.c.o)
_EBICTL0                              O   (IO_Map.c.o)
_EBICTL1                              O   (IO_Map.c.o)
_ECLKCTL                              I   (Cpu.c.o)
_ECLKCTL                              O   (IO_Map.c.o)
_ECT_CFORC                            O   (IO_Map.c.o)
_ECT_DLYCT                            I   (Cpu.c.o)
_ECT_DLYCT                            O   (IO_Map.c.o)
_ECT_ICOVW                            I   (Cpu.c.o)
_ECT_ICOVW                            O   (IO_Map.c.o)
_ECT_ICPAR                            O   (IO_Map.c.o)
_ECT_ICSYS                            I   (Cpu.c.o)
_ECT_ICSYS                            O   (IO_Map.c.o)
_ECT_MCCNT                            O   (IO_Map.c.o)
_ECT_MCCNT                            I   (Timer.c.o)
_ECT_MCCTL                            I   (Cpu.c.o)
_ECT_MCCTL                            O   (IO_Map.c.o)
_ECT_MCCTL                            I   (Timer.c.o)
_ECT_MCFLG                            O   (IO_Map.c.o)
_ECT_MCFLG                            I   (Timer.c.o)
_ECT_OC7D                             O   (IO_Map.c.o)
_ECT_OC7M                             O   (IO_Map.c.o)
_ECT_OCPD                             O   (IO_Map.c.o)
_ECT_PA10H                            O   (IO_Map.c.o)
_ECT_PA32H                            O   (IO_Map.c.o)
_ECT_PACN10                           O   (IO_Map.c.o)
_ECT_PACN32                           O   (IO_Map.c.o)
_ECT_PACTL                            I   (Cpu.c.o)
_ECT_PACTL                            O   (IO_Map.c.o)
_ECT_PAFLG                            O   (IO_Map.c.o)
_ECT_PBCTL                            O   (IO_Map.c.o)
_ECT_PBFLG                            O   (IO_Map.c.o)
_ECT_PTMCPSR                          O   (IO_Map.c.o)
_ECT_PTPSR                            O   (IO_Map.c.o)
_ECT_TC0                              O   (IO_Map.c.o)
_ECT_TC0H                             O   (IO_Map.c.o)
_ECT_TC1                              O   (IO_Map.c.o)
_ECT_TC1H                             O   (IO_Map.c.o)
_ECT_TC2                              O   (IO_Map.c.o)
_ECT_TC2H                             O   (IO_Map.c.o)
_ECT_TC3                              O   (IO_Map.c.o)
_ECT_TC3H                             O   (IO_Map.c.o)
_ECT_TC4                              O   (IO_Map.c.o)
_ECT_TC5                              O   (IO_Map.c.o)
_ECT_TC6                              O   (IO_Map.c.o)
_ECT_TC7                              O   (IO_Map.c.o)
_ECT_TCNT                             O   (IO_Map.c.o)
_ECT_TCTL1                            O   (IO_Map.c.o)
_ECT_TCTL2                            O   (IO_Map.c.o)
_ECT_TCTL3                            I   (AC_CP_IOC.c.o)
_ECT_TCTL3                            I   (Cpu.c.o)
_ECT_TCTL3                            O   (IO_Map.c.o)
_ECT_TCTL4                            O   (IO_Map.c.o)
_ECT_TFLG1                            I   (AC_CP_IOC.c.o)
_ECT_TFLG1                            O   (IO_Map.c.o)
_ECT_TFLG2                            O   (IO_Map.c.o)
_ECT_TIE                              I   (AC_CP_IOC.c.o)
_ECT_TIE                              I   (Cpu.c.o)
_ECT_TIE                              O   (IO_Map.c.o)
_ECT_TIOS                             I   (Cpu.c.o)
_ECT_TIOS                             O   (IO_Map.c.o)
_ECT_TSCR1                            I   (Cpu.c.o)
_ECT_TSCR1                            O   (IO_Map.c.o)
_ECT_TSCR2                            I   (AC_CP_IOC.c.o)
_ECT_TSCR2                            O   (IO_Map.c.o)
_ECT_TTOV                             O   (IO_Map.c.o)
_EPAGE                                O   (IO_Map.c.o)
_EPROT                                O   (IO_Map.c.o)
_ETAG                                 O   (IO_Map.c.o)
_EntryPoint                           F   (Cpu.c.o)
_EntryPoint                           I   (Vectors.c.o)
_FCCOB                                I   (CPUEE.c.o)
_FCCOB                                O   (IO_Map.c.o)
_FCCOBIX                              I   (CPUEE.c.o)
_FCCOBIX                              O   (IO_Map.c.o)
_FCLKDIV                              I   (CPUEE.c.o)
_FCLKDIV                              O   (IO_Map.c.o)
_FCNFG                                O   (IO_Map.c.o)
_FECCR                                O   (IO_Map.c.o)
_FECCRIX                              O   (IO_Map.c.o)
_FERCNFG                              O   (IO_Map.c.o)
_FERSTAT                              O   (IO_Map.c.o)
_FOPT                                 O   (IO_Map.c.o)
_FPROT                                O   (IO_Map.c.o)
_FSEC                                 O   (IO_Map.c.o)
_FSTAT                                I   (CPUEE.c.o)
_FSTAT                                O   (IO_Map.c.o)
_GPAGE                                O   (IO_Map.c.o)
_IIC0_IBAD                            O   (IO_Map.c.o)
_IIC0_IBCR                            O   (IO_Map.c.o)
_IIC0_IBCR2                           O   (IO_Map.c.o)
_IIC0_IBDR                            O   (IO_Map.c.o)
_IIC0_IBFD                            O   (IO_Map.c.o)
_IIC0_IBSR                            O   (IO_Map.c.o)
_IIC1_IBAD                            O   (IO_Map.c.o)
_IIC1_IBCR                            O   (IO_Map.c.o)
_IIC1_IBCR2                           O   (IO_Map.c.o)
_IIC1_IBDR                            O   (IO_Map.c.o)
_IIC1_IBFD                            O   (IO_Map.c.o)
_IIC1_IBSR                            O   (IO_Map.c.o)
_INT_CFADDR                           I   (Cpu.c.o)
_INT_CFADDR                           O   (IO_Map.c.o)
_INT_CFDATA0                          I   (Cpu.c.o)
_INT_CFDATA0                          O   (IO_Map.c.o)
_INT_CFDATA1                          I   (Cpu.c.o)
_INT_CFDATA1                          O   (IO_Map.c.o)
_INT_CFDATA2                          I   (Cpu.c.o)
_INT_CFDATA2                          O   (IO_Map.c.o)
_INT_CFDATA3                          O   (IO_Map.c.o)
_INT_CFDATA4                          I   (Cpu.c.o)
_INT_CFDATA4                          O   (IO_Map.c.o)
_INT_CFDATA5                          I   (Cpu.c.o)
_INT_CFDATA5                          O   (IO_Map.c.o)
_INT_CFDATA6                          I   (Cpu.c.o)
_INT_CFDATA6                          O   (IO_Map.c.o)
_INT_CFDATA7                          O   (IO_Map.c.o)
_INT_XGPRIO                           O   (IO_Map.c.o)
_IRQCR                                I   (Cpu.c.o)
_IRQCR                                O   (IO_Map.c.o)
_IVBR                                 O   (IO_Map.c.o)
_LCMP                                 I   (CPUEE.c.o)
_LMULU16x32                           I   (ATB.c.o)
_LSHL                                 I   (ATB.c.o)
_LSHL                                 I   (CAN0.c.o)
_LSHL                                 I   (CAN1.c.o)
_LSHL                                 I   (CAN4.c.o)
_LSHRU                                I   (ATB.c.o)
_LSHRU                                I   (CAN0.c.o)
_LSHRU                                I   (CAN1.c.o)
_LSHRU                                I   (CAN4.c.o)
_MMCCTL0                              O   (IO_Map.c.o)
_MMCCTL1                              I   (Cpu.c.o)
_MMCCTL1                              O   (IO_Map.c.o)
_MODE                                 O   (IO_Map.c.o)
_MODRR                                I   (Cpu.c.o)
_MODRR                                O   (IO_Map.c.o)
_MPUASTAT0                            O   (IO_Map.c.o)
_MPUASTAT1                            O   (IO_Map.c.o)
_MPUASTAT2                            O   (IO_Map.c.o)
_MPUDESC0                             I   (Cpu.c.o)
_MPUDESC0                             O   (IO_Map.c.o)
_MPUDESC1                             I   (Cpu.c.o)
_MPUDESC1                             O   (IO_Map.c.o)
_MPUDESC2                             I   (Cpu.c.o)
_MPUDESC2                             O   (IO_Map.c.o)
_MPUDESC3                             I   (Cpu.c.o)
_MPUDESC3                             O   (IO_Map.c.o)
_MPUDESC4                             I   (Cpu.c.o)
_MPUDESC4                             O   (IO_Map.c.o)
_MPUDESC5                             I   (Cpu.c.o)
_MPUDESC5                             O   (IO_Map.c.o)
_MPUFLG                               O   (IO_Map.c.o)
_MPUSEL                               I   (Cpu.c.o)
_MPUSEL                               O   (IO_Map.c.o)
_PARTID                               O   (IO_Map.c.o)
_PER01AD0                             O   (IO_Map.c.o)
_PER01AD1                             I   (Cpu.c.o)
_PER01AD1                             O   (IO_Map.c.o)
_PERF                                 O   (IO_Map.c.o)
_PERH                                 I   (Cpu.c.o)
_PERH                                 O   (IO_Map.c.o)
_PERJ                                 I   (Cpu.c.o)
_PERJ                                 O   (IO_Map.c.o)
_PERL                                 O   (IO_Map.c.o)
_PERM                                 O   (IO_Map.c.o)
_PERP                                 I   (Cpu.c.o)
_PERP                                 O   (IO_Map.c.o)
_PERR                                 O   (IO_Map.c.o)
_PERS                                 I   (Cpu.c.o)
_PERS                                 O   (IO_Map.c.o)
_PERT                                 I   (Cpu.c.o)
_PERT                                 O   (IO_Map.c.o)
_PIEH                                 I   (Cpu.c.o)
_PIEH                                 O   (IO_Map.c.o)
_PIEJ                                 I   (Cpu.c.o)
_PIEJ                                 O   (IO_Map.c.o)
_PIEP                                 I   (Cpu.c.o)
_PIEP                                 O   (IO_Map.c.o)
_PIFH                                 O   (IO_Map.c.o)
_PIFJ                                 O   (IO_Map.c.o)
_PIFP                                 O   (IO_Map.c.o)
_PITCE                                I   (Cpu.c.o)
_PITCE                                O   (IO_Map.c.o)
_PITCE                                I   (Timer_1ms.c.o)
_PITCFLMT                             I   (Cpu.c.o)
_PITCFLMT                             O   (IO_Map.c.o)
_PITCNT0                              O   (IO_Map.c.o)
_PITCNT1                              O   (IO_Map.c.o)
_PITCNT2                              O   (IO_Map.c.o)
_PITCNT3                              O   (IO_Map.c.o)
_PITCNT4                              O   (IO_Map.c.o)
_PITCNT5                              O   (IO_Map.c.o)
_PITCNT6                              O   (IO_Map.c.o)
_PITCNT7                              O   (IO_Map.c.o)
_PITFLT                               O   (IO_Map.c.o)
_PITINTE                              I   (Cpu.c.o)
_PITINTE                              O   (IO_Map.c.o)
_PITINTE                              I   (Timer_1ms.c.o)
_PITLD0                               I   (Cpu.c.o)
_PITLD0                               O   (IO_Map.c.o)
_PITLD1                               O   (IO_Map.c.o)
_PITLD2                               O   (IO_Map.c.o)
_PITLD3                               O   (IO_Map.c.o)
_PITLD4                               O   (IO_Map.c.o)
_PITLD5                               O   (IO_Map.c.o)
_PITLD6                               O   (IO_Map.c.o)
_PITLD7                               O   (IO_Map.c.o)
_PITMTLD0                             I   (Cpu.c.o)
_PITMTLD0                             O   (IO_Map.c.o)
_PITMTLD1                             O   (IO_Map.c.o)
_PITMUX                               I   (Cpu.c.o)
_PITMUX                               O   (IO_Map.c.o)
_PITTF                                I   (Cpu.c.o)
_PITTF                                O   (IO_Map.c.o)
_PITTF                                I   (Timer_1ms.c.o)
_PLLCTL                               I   (Cpu.c.o)
_PLLCTL                               O   (IO_Map.c.o)
_PORTAB                               I   (CON1.c.o)
_PORTAB                               I   (Cpu.c.o)
_PORTAB                               O   (IO_Map.c.o)
_PORTAB                               I   (Slaver_Pow_Ctrl.c.o)
_PORTAB                               I   (wdi.c.o)
_PORTCD                               I   (CPU_RLY_CTRL.c.o)
_PORTCD                               I   (CPU_SUMV_EXT_SCL.c.o)
_PORTCD                               I   (CPU_SUMV_EXT_SDA.c.o)
_PORTCD                               I   (Cpu.c.o)
_PORTCD                               I   (ExternFlash_Rst.c.o)
_PORTCD                               I   (ExternTimer_Scl.c.o)
_PORTCD                               I   (ExternTimer_Sda.c.o)
_PORTCD                               O   (IO_Map.c.o)
_PORTCD                               I   (SUMV_EXT_POW.c.o)
_PORTE                                O   (IO_Map.c.o)
_PORTK                                I   (CPU_CHG_P.c.o)
_PORTK                                I   (CPU_CHG_S.c.o)
_PORTK                                I   (CPU_SUMV_SCL.c.o)
_PORTK                                I   (CPU_SUMV_SDA.c.o)
_PORTK                                I   (Cpu.c.o)
_PORTK                                I   (ExtEE_Wp.c.o)
_PORTK                                O   (IO_Map.c.o)
_PORTK                                I   (ISO_CTRL_NEG.c.o)
_PORTK                                I   (ISO_CTRL_POS.c.o)
_PORTK                                I   (ISO_POW.c.o)
_POSTDIV                              I   (Cpu.c.o)
_POSTDIV                              O   (IO_Map.c.o)
_PPAGE                                O   (IO_Map.c.o)
_PPSF                                 O   (IO_Map.c.o)
_PPSH                                 O   (IO_Map.c.o)
_PPSJ                                 O   (IO_Map.c.o)
_PPSL                                 O   (IO_Map.c.o)
_PPSM                                 O   (IO_Map.c.o)
_PPSP                                 O   (IO_Map.c.o)
_PPSR                                 O   (IO_Map.c.o)
_PPSS                                 O   (IO_Map.c.o)
_PPST                                 O   (IO_Map.c.o)
_PT01AD0                              O   (IO_Map.c.o)
_PT01AD1                              I   (CHG_CAN_POW.c.o)
_PT01AD1                              I   (Cpu.c.o)
_PT01AD1                              O   (IO_Map.c.o)
_PTF                                  O   (IO_Map.c.o)
_PTFRR                                O   (IO_Map.c.o)
_PTH                                  I   (CPU_TLE_CS.c.o)
_PTH                                  I   (CPU_TLE_SCK.c.o)
_PTH                                  I   (CPU_TLE_SDI.c.o)
_PTH                                  I   (Cpu.c.o)
_PTH                                  I   (ExternFlash_Cs.c.o)
_PTH                                  I   (ExternFlash_Sck.c.o)
_PTH                                  I   (ExternFlash_Si.c.o)
_PTH                                  I   (ExternFlash_So.c.o)
_PTH                                  O   (IO_Map.c.o)
_PTIF                                 O   (IO_Map.c.o)
_PTIH                                 O   (IO_Map.c.o)
_PTIJ                                 O   (IO_Map.c.o)
_PTIL                                 O   (IO_Map.c.o)
_PTIM                                 O   (IO_Map.c.o)
_PTIP                                 O   (IO_Map.c.o)
_PTIR                                 O   (IO_Map.c.o)
_PTIS                                 O   (IO_Map.c.o)
_PTIT                                 O   (IO_Map.c.o)
_PTJ                                  I   (CPU_CAR_CAN_STB.c.o)
_PTJ                                  I   (Cpu.c.o)
_PTJ                                  I   (ExtEE_Sda.c.o)
_PTJ                                  O   (IO_Map.c.o)
_PTJ                                  I   (SUMV_POW.c.o)
_PTL                                  O   (IO_Map.c.o)
_PTLRR                                O   (IO_Map.c.o)
_PTM                                  O   (IO_Map.c.o)
_PTP                                  I   (CPUDO1.c.o)
_PTP                                  I   (CPUDO2.c.o)
_PTP                                  I   (CPU_RLY_CHG.c.o)
_PTP                                  I   (CPU_RLY_FAN.c.o)
_PTP                                  I   (CPU_RLY_HEAT.c.o)
_PTP                                  I   (CPU_RLY_NEG.c.o)
_PTP                                  I   (CPU_RLY_POS.c.o)
_PTP                                  I   (CPU_RLY_PRE.c.o)
_PTP                                  I   (Cpu.c.o)
_PTP                                  O   (IO_Map.c.o)
_PTR                                  O   (IO_Map.c.o)
_PTRRR                                O   (IO_Map.c.o)
_PTS                                  I   (CPUCAN_CAR_EN.c.o)
_PTS                                  I   (CPUCAN_INT_EN.c.o)
_PTS                                  I   (CPUCCS.c.o)
_PTS                                  I   (CPUCSCK.c.o)
_PTS                                  I   (CPUCSI.c.o)
_PTS                                  I   (CURPOWER.c.o)
_PTS                                  I   (Cpu.c.o)
_PTS                                  O   (IO_Map.c.o)
_PTT                                  O   (IO_Map.c.o)
_PUCR                                 I   (Cpu.c.o)
_PUCR                                 O   (IO_Map.c.o)
_PWMCAE                               O   (IO_Map.c.o)
_PWMCLK                               O   (IO_Map.c.o)
_PWMCNT01                             O   (IO_Map.c.o)
_PWMCNT23                             O   (IO_Map.c.o)
_PWMCNT45                             O   (IO_Map.c.o)
_PWMCNT67                             O   (IO_Map.c.o)
_PWMCTL                               O   (IO_Map.c.o)
_PWMDTY01                             O   (IO_Map.c.o)
_PWMDTY23                             O   (IO_Map.c.o)
_PWMDTY45                             O   (IO_Map.c.o)
_PWMDTY67                             O   (IO_Map.c.o)
_PWME                                 O   (IO_Map.c.o)
_PWMPER01                             O   (IO_Map.c.o)
_PWMPER23                             O   (IO_Map.c.o)
_PWMPER45                             O   (IO_Map.c.o)
_PWMPER67                             O   (IO_Map.c.o)
_PWMPOL                               O   (IO_Map.c.o)
_PWMPRCLK                             O   (IO_Map.c.o)
_PWMSCLA                              O   (IO_Map.c.o)
_PWMSCLB                              O   (IO_Map.c.o)
_PWMSDN                               O   (IO_Map.c.o)
_RDR01AD0                             I   (Cpu.c.o)
_RDR01AD0                             O   (IO_Map.c.o)
_RDR01AD1                             I   (Cpu.c.o)
_RDR01AD1                             O   (IO_Map.c.o)
_RDRF                                 O   (IO_Map.c.o)
_RDRH                                 I   (Cpu.c.o)
_RDRH                                 O   (IO_Map.c.o)
_RDRIV                                I   (Cpu.c.o)
_RDRIV                                O   (IO_Map.c.o)
_RDRJ                                 I   (Cpu.c.o)
_RDRJ                                 O   (IO_Map.c.o)
_RDRL                                 O   (IO_Map.c.o)
_RDRM                                 I   (Cpu.c.o)
_RDRM                                 O   (IO_Map.c.o)
_RDRP                                 I   (Cpu.c.o)
_RDRP                                 O   (IO_Map.c.o)
_RDRR                                 O   (IO_Map.c.o)
_RDRS                                 I   (Cpu.c.o)
_RDRS                                 O   (IO_Map.c.o)
_RDRT                                 I   (Cpu.c.o)
_RDRT                                 O   (IO_Map.c.o)
_REFDV                                I   (Cpu.c.o)
_REFDV                                O   (IO_Map.c.o)
_RPAGE                                O   (IO_Map.c.o)
_RTICTL                               I   (Cpu.c.o)
_RTICTL                               O   (IO_Map.c.o)
_SCI0ACR2                             O   (IO_Map.c.o)
_SCI0BD                               O   (IO_Map.c.o)
_SCI0CR2                              O   (IO_Map.c.o)
_SCI0DRH                              O   (IO_Map.c.o)
_SCI0DRL                              O   (IO_Map.c.o)
_SCI0SR1                              O   (IO_Map.c.o)
_SCI0SR2                              O   (IO_Map.c.o)
_SCI1ACR2                             O   (IO_Map.c.o)
_SCI1BD                               O   (IO_Map.c.o)
_SCI1CR2                              O   (IO_Map.c.o)
_SCI1DRH                              O   (IO_Map.c.o)
_SCI1DRL                              O   (IO_Map.c.o)
_SCI1SR1                              O   (IO_Map.c.o)
_SCI1SR2                              O   (IO_Map.c.o)
_SCI2ACR2                             O   (IO_Map.c.o)
_SCI2BD                               O   (IO_Map.c.o)
_SCI2CR2                              O   (IO_Map.c.o)
_SCI2DRH                              O   (IO_Map.c.o)
_SCI2DRL                              O   (IO_Map.c.o)
_SCI2SR1                              O   (IO_Map.c.o)
_SCI2SR2                              O   (IO_Map.c.o)
_SCI3ACR2                             O   (IO_Map.c.o)
_SCI3BD                               O   (IO_Map.c.o)
_SCI3CR2                              O   (IO_Map.c.o)
_SCI3DRH                              O   (IO_Map.c.o)
_SCI3DRL                              O   (IO_Map.c.o)
_SCI3SR1                              O   (IO_Map.c.o)
_SCI3SR2                              O   (IO_Map.c.o)
_SCI4ACR2                             O   (IO_Map.c.o)
_SCI4BD                               O   (IO_Map.c.o)
_SCI4CR2                              O   (IO_Map.c.o)
_SCI4DRH                              O   (IO_Map.c.o)
_SCI4DRL                              O   (IO_Map.c.o)
_SCI4SR1                              O   (IO_Map.c.o)
_SCI4SR2                              O   (IO_Map.c.o)
_SCI5ACR2                             O   (IO_Map.c.o)
_SCI5BD                               O   (IO_Map.c.o)
_SCI5CR2                              O   (IO_Map.c.o)
_SCI5DRH                              O   (IO_Map.c.o)
_SCI5DRL                              O   (IO_Map.c.o)
_SCI5SR1                              O   (IO_Map.c.o)
_SCI5SR2                              O   (IO_Map.c.o)
_SCI6ACR2                             O   (IO_Map.c.o)
_SCI6BD                               O   (IO_Map.c.o)
_SCI6CR2                              O   (IO_Map.c.o)
_SCI6DRH                              O   (IO_Map.c.o)
_SCI6DRL                              O   (IO_Map.c.o)
_SCI6SR1                              O   (IO_Map.c.o)
_SCI6SR2                              O   (IO_Map.c.o)
_SCI7ACR2                             O   (IO_Map.c.o)
_SCI7BD                               O   (IO_Map.c.o)
_SCI7CR2                              O   (IO_Map.c.o)
_SCI7DRH                              O   (IO_Map.c.o)
_SCI7DRL                              O   (IO_Map.c.o)
_SCI7SR1                              O   (IO_Map.c.o)
_SCI7SR2                              O   (IO_Map.c.o)
_SPI0BR                               O   (IO_Map.c.o)
_SPI0CR1                              O   (IO_Map.c.o)
_SPI0CR2                              O   (IO_Map.c.o)
_SPI0DR                               O   (IO_Map.c.o)
_SPI0SR                               O   (IO_Map.c.o)
_SPI1BR                               O   (IO_Map.c.o)
_SPI1CR1                              O   (IO_Map.c.o)
_SPI1CR2                              O   (IO_Map.c.o)
_SPI1DR                               O   (IO_Map.c.o)
_SPI1SR                               O   (IO_Map.c.o)
_SPI2BR                               O   (IO_Map.c.o)
_SPI2CR1                              O   (IO_Map.c.o)
_SPI2CR2                              O   (IO_Map.c.o)
_SPI2DR                               O   (IO_Map.c.o)
_SPI2SR                               O   (IO_Map.c.o)
_SYNR                                 I   (Cpu.c.o)
_SYNR                                 O   (IO_Map.c.o)
_Startup                              I   (Cpu.c.o)
_TIM_CFORC                            O   (IO_Map.c.o)
_TIM_OC7D                             O   (IO_Map.c.o)
_TIM_OC7M                             O   (IO_Map.c.o)
_TIM_OCPD                             O   (IO_Map.c.o)
_TIM_PACNT                            O   (IO_Map.c.o)
_TIM_PACTL                            O   (IO_Map.c.o)
_TIM_PAFLG                            O   (IO_Map.c.o)
_TIM_PTPSR                            O   (IO_Map.c.o)
_TIM_TC0                              O   (IO_Map.c.o)
_TIM_TC1                              O   (IO_Map.c.o)
_TIM_TC2                              O   (IO_Map.c.o)
_TIM_TC3                              O   (IO_Map.c.o)
_TIM_TC4                              O   (IO_Map.c.o)
_TIM_TC5                              O   (IO_Map.c.o)
_TIM_TC6                              O   (IO_Map.c.o)
_TIM_TC7                              O   (IO_Map.c.o)
_TIM_TCNT                             O   (IO_Map.c.o)
_TIM_TCTL1                            O   (IO_Map.c.o)
_TIM_TCTL2                            O   (IO_Map.c.o)
_TIM_TCTL3                            O   (IO_Map.c.o)
_TIM_TCTL4                            O   (IO_Map.c.o)
_TIM_TFLG1                            O   (IO_Map.c.o)
_TIM_TFLG2                            O   (IO_Map.c.o)
_TIM_TIE                              O   (IO_Map.c.o)
_TIM_TIOS                             O   (IO_Map.c.o)
_TIM_TSCR1                            O   (IO_Map.c.o)
_TIM_TSCR2                            O   (IO_Map.c.o)
_TIM_TTOV                             O   (IO_Map.c.o)
_VREGAPICL                            O   (IO_Map.c.o)
_VREGAPIR                             O   (IO_Map.c.o)
_VREGAPITR                            O   (IO_Map.c.o)
_VREGCTRL                             I   (Cpu.c.o)
_VREGCTRL                             O   (IO_Map.c.o)
_VREGHTCL                             I   (Cpu.c.o)
_VREGHTCL                             O   (IO_Map.c.o)
_VREGHTTR                             O   (IO_Map.c.o)
_WOML                                 O   (IO_Map.c.o)
_WOMM                                 O   (IO_Map.c.o)
_WOMS                                 I   (Cpu.c.o)
_WOMS                                 O   (IO_Map.c.o)
_WatchDog_EntryPoint                  F   (Cpu.c.o)
_WatchDog_EntryPoint                  I   (Vectors.c.o)
_XGCCR                                O   (IO_Map.c.o)
_XGCHID                               O   (IO_Map.c.o)
_XGCHPL                               O   (IO_Map.c.o)
_XGIF_0F_00                           O   (IO_Map.c.o)
_XGIF_1F_10                           O   (IO_Map.c.o)
_XGIF_2F_20                           O   (IO_Map.c.o)
_XGIF_3F_30                           O   (IO_Map.c.o)
_XGIF_4F_40                           O   (IO_Map.c.o)
_XGIF_5F_50                           O   (IO_Map.c.o)
_XGIF_6F_60                           O   (IO_Map.c.o)
_XGIF_7F_70                           O   (IO_Map.c.o)
_XGISP31                              O   (IO_Map.c.o)
_XGISPSEL                             O   (IO_Map.c.o)
_XGMCTL                               O   (IO_Map.c.o)
_XGPC                                 O   (IO_Map.c.o)
_XGR1                                 O   (IO_Map.c.o)
_XGR2                                 O   (IO_Map.c.o)
_XGR3                                 O   (IO_Map.c.o)
_XGR4                                 O   (IO_Map.c.o)
_XGR5                                 O   (IO_Map.c.o)
_XGR6                                 O   (IO_Map.c.o)
_XGR7                                 O   (IO_Map.c.o)
_XGSEM                                O   (IO_Map.c.o)
_XGSWT                                O   (IO_Map.c.o)
gby_app_baudrate                      O   (ATB.c.o)
main                                  F   (mcal.c.o)
wdi_PutVal                            F   (wdi.c.o)
