Units and locations in library 'D:\work\src\ev05\src-in-server\ev05-bcu_d\lib\Soc-A.lib'
Unit name       size     from       to
SOC-A.c.o      56527      116    56643

EXPORTED OBJECTS
BatSys_GetPosRlySt                I   (SOC-A.c.o)
BatSys_GetPreRlySt                I   (SOC-A.c.o)
Bat_GetAccumulateChgAh            I   (SOC-A.c.o)
Bat_GetAccumulateDchgAh           I   (SOC-A.c.o)
Bat_GetActualCapacity             I   (SOC-A.c.o)
Bat_GetActualCapacityCalc         I   (SOC-A.c.o)
Bat_GetAvgV                       I   (SOC-A.c.o)
Bat_GetCurrent                    I   (SOC-A.c.o)
Bat_GetMaxT                       I   (SOC-A.c.o)
Bat_GetMaxV                       I   (SOC-A.c.o)
Bat_GetMinT                       I   (SOC-A.c.o)
Bat_GetMinV                       I   (SOC-A.c.o)
Bat_GetRatedCapacity              I   (SOC-A.c.o)
Bat_GetRatedCapacityCalc          I   (SOC-A.c.o)
Bat_GetRemainCapacity             I   (SOC-A.c.o)
Bat_GetSoh                        I   (SOC-A.c.o)
Bat_GetTotalChgAh                 I   (SOC-A.c.o)
Bat_GetTotalDchAh                 I   (SOC-A.c.o)
Bat_UpdateActualCapacity          I   (SOC-A.c.o)
Bat_UpdateRemainCapacity          I   (SOC-A.c.o)
Bat_UpdateSOC                     I   (SOC-A.c.o)
Bat_UpdateTotalChgAh              I   (SOC-A.c.o)
Bat_UpdateTotalDChAh              I   (SOC-A.c.o)
BmsSys_CalcStandbyTime            I   (SOC-A.c.o)
BmsSys_GetAwakeSt                 I   (SOC-A.c.o)
Chg_GetChgSt                      I   (SOC-A.c.o)
Chg_GetChgStage                   I   (SOC-A.c.o)
Chg_GetPermitMaxCellV             I   (SOC-A.c.o)
DataStore_EnableEventDataStore    I   (SOC-A.c.o)
EE_SaveVar                        I   (SOC-A.c.o)
Err_GetHwErrLevel                 I   (SOC-A.c.o)
SOC_A_GetVesionModuleVer          F   (SOC-A.c.o)
SOC_AhIntgl                       O   (SOC-A.c.o)
SOC_AhIntglProcess                F   (SOC-A.c.o)
SOC_ConfigPara                    I   (SOC-A.c.o)
SOC_CurAhSmooth                   F   (SOC-A.c.o)
SOC_EstmatActualAH                F   (SOC-A.c.o)
SOC_EstmatCharge                  F   (SOC-A.c.o)
SOC_EstmatDataCalc                O   (SOC-A.c.o)
SOC_EstmatDataIn                  O   (SOC-A.c.o)
SOC_EstmatDataOut                 O   (SOC-A.c.o)
SOC_EstmatDchDyn                  F   (SOC-A.c.o)
SOC_EstmatLimit                   F   (SOC-A.c.o)
SOC_EstmatOCV                     F   (SOC-A.c.o)
SOC_EstmatProcess                 F   (SOC-A.c.o)
SOC_EstmatUser                    F   (SOC-A.c.o)
SOC_GetBatSt                      F   (SOC-A.c.o)
SOC_Macro                         I   (SOC-A.c.o)
SOC_MacroSwitch                   I   (SOC-A.c.o)
SOC_ModuleCbk                     F   (SOC-A.c.o)
SOC_ModuleCountCbk                F   (SOC-A.c.o)
SOC_ModuleInit                    F   (SOC-A.c.o)
SOC_Smooth                        O   (SOC-A.c.o)
SOC_TmCnt                         O   (SOC-A.c.o)
SocToOcvArray                     I   (SOC-A.c.o)
SocToOcvArrayStepDown             I   (SOC-A.c.o)
SocToOcvArrayStepUp               I   (SOC-A.c.o)
SocToVoltArrayChgPre_HT           I   (SOC-A.c.o)
SocToVoltArrayChgPre_LT           I   (SOC-A.c.o)
SocToVoltArrayDchDynamic          I   (SOC-A.c.o)
Soc_VerDef                        O   (SOC-A.c.o)
TemperToAhArray                   I   (SOC-A.c.o)
_BDIVMODU                         I   (SOC-A.c.o)
_COPY                             I   (SOC-A.c.o)
_LCMP                             I   (SOC-A.c.o)
_LDIVU                            I   (SOC-A.c.o)
_LMUL                             I   (SOC-A.c.o)
_LMULU16x32                       I   (SOC-A.c.o)
