Units and locations in library 'D:\work\src\ev05\src-in-server\ev05-bcu_d\lib\Sof-B.lib'
Unit name       size     from       to
SOF-B.c.o      43586      116    43702

EXPORTED OBJECTS
Bat_GetAvgT                         I   (SOF-B.c.o)
Bat_GetCurrent                      I   (SOF-B.c.o)
Bat_GetMaxT                         I   (SOF-B.c.o)
Bat_GetMaxV                         I   (SOF-B.c.o)
Bat_GetMinT                         I   (SOF-B.c.o)
Bat_GetMinV                         I   (SOF-B.c.o)
Bat_GetRatedCapacityCalc            I   (SOF-B.c.o)
Bat_GetSOC                          I   (SOF-B.c.o)
Bat_UpdateMaxFeedBackCur            I   (SOF-B.c.o)
Bat_UpdateMaxPermitDchCur           I   (SOF-B.c.o)
Bat_UpdateMaxPermitDchPower         I   (SOF-B.c.o)
Bat_UpdateMaxPermitFeedbackPower    I   (SOF-B.c.o)
Bat_UpdateMaxPulseDchCur            I   (SOF-B.c.o)
Bat_UpdateMaxPulseDchPower          I   (SOF-B.c.o)
Bat_UpdateMaxPulseFeedBackCur       I   (SOF-B.c.o)
Bat_UpdateMaxPulseFeedbackPower     I   (SOF-B.c.o)
CnstDisCurArray                     I   (SOF-B.c.o)
CnstDisPowArray                     I   (SOF-B.c.o)
CnstFeedbackCurArray                I   (SOF-B.c.o)
CnstFeedbackPowArray                I   (SOF-B.c.o)
DchTemperArray                      I   (SOF-B.c.o)
Err_GetBatErrLevel                  I   (SOF-B.c.o)
Err_GetHwErrLevel                   I   (SOF-B.c.o)
FbTemperArray                       I   (SOF-B.c.o)
PulseDisCurArray                    I   (SOF-B.c.o)
PulseDisPowArray                    I   (SOF-B.c.o)
PulseFeedbackCurArray               I   (SOF-B.c.o)
PulseFeedbackPowArray               I   (SOF-B.c.o)
SOF_B_GetVesionModuleVer            F   (SOF-B.c.o)
SOF_CalcValue                       O   (SOF-B.c.o)
SOF_CnstDisCurCurves                O   (SOF-B.c.o)
SOF_CnstDisPowCurves                O   (SOF-B.c.o)
SOF_CnstFeedbackCurCurves           O   (SOF-B.c.o)
SOF_CnstFeedbackPowCurves           O   (SOF-B.c.o)
SOF_ConfigPara                      I   (SOF-B.c.o)
SOF_Macro                           I   (SOF-B.c.o)
SOF_ModifyUser                      F   (SOF-B.c.o)
SOF_ModuleCbk                       F   (SOF-B.c.o)
SOF_ModuleCountCbk                  F   (SOF-B.c.o)
SOF_ModuleInit                      F   (SOF-B.c.o)
SOF_PulseDisCurCurves               O   (SOF-B.c.o)
SOF_PulseDisPowCurves               O   (SOF-B.c.o)
SOF_PulseFeedbackCurCurves          O   (SOF-B.c.o)
SOF_PulseFeedbackPowCurves          O   (SOF-B.c.o)
SOF_SetTargetUser                   F   (SOF-B.c.o)
SOF_TmCnt                           O   (SOF-B.c.o)
SocArray                            I   (SOF-B.c.o)
Sof_VerDef                          O   (SOF-B.c.o)
VoltHighArray                       I   (SOF-B.c.o)
VoltLowArray                        I   (SOF-B.c.o)
_COPY                               I   (SOF-B.c.o)
_LDIVS                              I   (SOF-B.c.o)
_LDIVU                              I   (SOF-B.c.o)
_LMULS16x32                         I   (SOF-B.c.o)
_LMULU16x32                         I   (SOF-B.c.o)
gby_FirstCalCurFlag                 O   (SOF-B.c.o)
gby_FirstCalPowFlag                 O   (SOF-B.c.o)
gby_LowPowerCtrlFlag                O   (SOF-B.c.o)
gby_LowVoltCnt                      O   (SOF-B.c.o)
gby_PulseDisCurCnt                  O   (SOF-B.c.o)
gby_PulseFeedCurCnt                 O   (SOF-B.c.o)
gby_SofModifyRatio                  O   (SOF-B.c.o)
gwd_DchCurrentBak                   O   (SOF-B.c.o)
gwd_SofTargetValue                  O   (SOF-B.c.o)
