Units and locations in library 'D:\work\src\ev05\src-in-server\ev05-bcu_d\lib\Soh-A.lib'
Unit name       size     from       to
SOH-A.c.o      19301      116    19417

EXPORTED OBJECTS
Bat_GetActualCapacityCalc         I   (SOH-A.c.o)
Bat_GetMaxV                       I   (SOH-A.c.o)
Bat_GetMinV                       I   (SOH-A.c.o)
Bat_GetRatedCapacityCalc          I   (SOH-A.c.o)
Bat_GetSoh                        I   (SOH-A.c.o)
Bat_GetTotalChgAh                 I   (SOH-A.c.o)
Bat_GetTotalDchAh                 I   (SOH-A.c.o)
Bat_UpdateActualCapacityCalc      I   (SOH-A.c.o)
Bat_UpdateSoh                     I   (SOH-A.c.o)
Bat_UpdateTotalChgAh              I   (SOH-A.c.o)
Bat_UpdateTotalDChAh              I   (SOH-A.c.o)
BmsSys_CalcStandbyTime            I   (SOH-A.c.o)
Chg_GetChgStage                   I   (SOH-A.c.o)
DataStore_EnableEventDataStore    I   (SOH-A.c.o)
EE_LoadVar                        I   (SOH-A.c.o)
EE_SaveVar                        I   (SOH-A.c.o)
SOC_Macro                         I   (SOH-A.c.o)
SOH_A_GetVesionModuleVer          F   (SOH-A.c.o)
SOH_ConfigPara                    I   (SOH-A.c.o)
SOH_CtrlPara                      O   (SOH-A.c.o)
SOH_ModuleCbk                     F   (SOH-A.c.o)
SOH_ModuleCountCbk                F   (SOH-A.c.o)
SOH_ModuleInit                    F   (SOH-A.c.o)
SOH_TmCnt                         O   (SOH-A.c.o)
SocToOcvArray                     I   (SOH-A.c.o)
Soh_VerDef                        O   (SOH-A.c.o)
SysConf_InitParaTable             I   (SOH-A.c.o)
_COPY                             I   (SOH-A.c.o)
_LADD                             I   (SOH-A.c.o)
_LCMP                             I   (SOH-A.c.o)
_LDIVU                            I   (SOH-A.c.o)
_LMULU16x32                       I   (SOH-A.c.o)
_LSUB                             I   (SOH-A.c.o)
