Units and locations in library 'D:\work\src\ev05\src-in-server\ev05-bcu_d\lib\Version.lib'
Unit name                    size     from       to
Version.c.o                  9222      118     9340
Version_ModuleLcfg.c.o       7598    13928    21526
Version_PlatformDef.c.o      4588     9340    13928

EXPORTED OBJECTS
AppDo_GetVesionModuleVer              I   (Version_ModuleLcfg.c.o)
AppRelay_GetVesionModuleVer           I   (Version_ModuleLcfg.c.o)
BalM_GetVesionModuleVer               I   (Version_ModuleLcfg.c.o)
Bsw_GetVesionModuleVer                I   (Version_ModuleLcfg.c.o)
CarCan_GetVesionModuleVer             I   (Version_ModuleLcfg.c.o)
Cdd_GetVesionModuleVer                I   (Version_ModuleLcfg.c.o)
ChgCan_GetVesionModuleVer             I   (Version_ModuleLcfg.c.o)
ChgM_GetVesionModuleVer               I   (Version_ModuleLcfg.c.o)
CurDet_GetVesionModuleVer             I   (Version_ModuleLcfg.c.o)
DataAnalysis_GetVesionModuleVer       I   (Version_ModuleLcfg.c.o)
DataLayer_GetVesionModuleVer          I   (Version_ModuleLcfg.c.o)
EcuConf_GetVesionModuleVer            I   (Version_ModuleLcfg.c.o)
GbChgDet_GetVesionModuleVer           I   (Version_ModuleLcfg.c.o)
GetModuleVerOperation                 I   (Version.c.o)
GetModuleVerOperation                 O   (Version_ModuleLcfg.c.o)
HvM_GetVesionModuleVer                I   (Version_ModuleLcfg.c.o)
IntCan_GetVesionModuleVer             I   (Version_ModuleLcfg.c.o)
IsoDet_GetVesionModuleVer             I   (Version_ModuleLcfg.c.o)
LvM_GetVesionModuleVer                I   (Version_ModuleLcfg.c.o)
PlatformHwVerDefPtr                   I   (Version.c.o)
PlatformVerDef                        O   (Version_PlatformDef.c.o)
PlatformVerDefPtr                     I   (Version.c.o)
PlatformVerDefPtr                     O   (Version_PlatformDef.c.o)
ProjectVerDefPtr                      I   (Version.c.o)
RunModem_GetVesionModuleVer           I   (Version_ModuleLcfg.c.o)
Sch_GetVesionModuleVer                I   (Version_ModuleLcfg.c.o)
SensorAi_GetVesionModuleVer           I   (Version_ModuleLcfg.c.o)
SensorDi_GetVesionModuleVer           I   (Version_ModuleLcfg.c.o)
Soc_GetVesionModuleVer                I   (Version_ModuleLcfg.c.o)
Sof_GetVesionModuleVer                I   (Version_ModuleLcfg.c.o)
Soh_GetVesionModuleVer                I   (Version_ModuleLcfg.c.o)
SumvDet_GetVesionModuleVer            I   (Version_ModuleLcfg.c.o)
SupplyPowDet_GetVesionModuleVer       I   (Version_ModuleLcfg.c.o)
SysConf_GetVesionModuleVer            I   (Version_ModuleLcfg.c.o)
Thm_GetVesionModuleVer                I   (Version_ModuleLcfg.c.o)
Version_GetModuleVer                  F   (Version.c.o)
Version_GetPlatformHwVer              F   (Version.c.o)
Version_GetPlatformVer                F   (Version.c.o)
Version_GetProjectVer                 F   (Version.c.o)
Version_GetVesionBcudMcalModuleVer    I   (Version_ModuleLcfg.c.o)
Version_GetVesionModuleVer            F   (Version.c.o)
Version_GetVesionModuleVer            I   (Version_ModuleLcfg.c.o)
Version_SearchModule                  F   (Version.c.o)
VesionVerDefPtr                       O   (Version.c.o)
Vesion_VerDef                         O   (Version.c.o)
Xgate_GetVesionModuleVer              I   (Version_ModuleLcfg.c.o)
_COPY                                 I   (Version.c.o)
